<html>
<body>
<pre>
<h1>µVision Build Log</h1>
<h2>Tool Versions:</h2>
IDE-Version: ¦ÌVision V5.24.2.0
Copyright (C) 2017 ARM Ltd and ARM Germany GmbH. All rights reserved.
License Information: qqwwaa Microsoft, Microsoft, LIC=ZB4HL-04R1B-VEVHA-1PZ8J-GB9KG-3WE7B
 
Tool Versions:
Toolchain:       MDK-ARM Plus  Version: 5.24.1
Toolchain Path:  D:\MDK\ARM\ARMCC\Bin
C Compiler:      Armcc.exe V5.06 update 5 (build 528)
Assembler:       Armasm.exe V5.06 update 5 (build 528)
Linker/Locator:  ArmLink.exe V5.06 update 5 (build 528)
Library Manager: ArmAr.exe V5.06 update 5 (build 528)
Hex Converter:   FromElf.exe V5.06 update 5 (build 528)
CPU DLL:         SARMCM3.DLL V5.24.1
Dialog DLL:      DCM.DLL V1.16.0.0
Target DLL:      STLink\ST-LINKIII-KEIL_SWO.dll V3.0.1.0
Dialog DLL:      TCM.DLL V1.32.0.0
 
<h2>Project:</h2>
C:\Users\Administrator\Desktop\ESP8266_Gray\USER\ATK_ESP8266.uvprojx
Project File Date:  12/05/2019

<h2>Output:</h2>
*** Using Compiler 'V5.06 update 5 (build 528)', folder: 'D:\MDK\ARM\ARMCC\Bin'
Rebuild target 'Target 1'
compiling main.c...
compiling stm32f4xx_it.c...
compiling system_stm32f4xx.c...
assembling startup_stm32f40_41xxx.s...
compiling delay.c...
compiling sys.c...
compiling usart.c...
compiling key.c...
compiling lcd.c...
compiling led.c...
compiling timer.c...
compiling usart3.c...
compiling common.c...
compiling dataPointTools.c...
compiling ringbuffer.c...
compiling Esp8266.c...
..\HARDWARE\esp8266\Esp8266.c(214): warning:  #550-D: variable "p1"  was set but never used
        u8 *p,*p1;
..\HARDWARE\esp8266\Esp8266.c: 1 warning, 0 errors
compiling misc.c...
compiling stm32f4xx_exti.c...
compiling stm32f4xx_fsmc.c...
compiling stm32f4xx_gpio.c...
compiling stm32f4xx_rcc.c...
compiling stm32f4xx_rtc.c...
compiling stm32f4xx_sdio.c...
compiling stm32f4xx_spi.c...
compiling stm32f4xx_syscfg.c...
compiling stm32f4xx_tim.c...
compiling stm32f4xx_usart.c...
linking...
Program Size: Code=24014 RO-data=482 RW-data=96 ZI-data=2152  
FromELF: creating hex file...
"..\OBJ\ATK_ESP8266.axf" - 0 Error(s), 1 Warning(s).

<h2>Software Packages used:</h2>

Package Vendor: Keil
                http://www.keil.com/pack/Keil.STM32F4xx_DFP.2.13.0.pack
                Keil.STM32F4xx_DFP.2.13.0
                STMicroelectronics STM32F4 Series Device Support, Drivers and Examples

<h2>Collection of Component include folders:</h2>
  .\RTE\_Target_1
  D:\MDK\ARM\PACK\Keil\STM32F4xx_DFP\2.13.0\Drivers\CMSIS\Device\ST\STM32F4xx\Include

<h2>Collection of Component Files used:</h2>
Build Time Elapsed:  00:00:34
</pre>
</body>
</html>
