Component: ARM Compiler 5.06 update 5 (build 528) Tool: armlink [4d35e2]

==============================================================================

Section Cross References

    main.o(i.main) refers to misc.o(i.NVIC_PriorityGroupConfig) for NVIC_PriorityGroupConfig
    main.o(i.main) refers to delay.o(i.delay_init) for delay_init
    main.o(i.main) refers to usart.o(i.uart_init) for uart_init
    main.o(i.main) refers to usart3.o(i.usart3_init) for usart3_init
    main.o(i.main) refers to led.o(i.LED_Init) for LED_Init
    main.o(i.main) refers to lcd.o(i.LCD_Init) for LCD_Init
    main.o(i.main) refers to key.o(i.KEY_Init) for KEY_Init
    main.o(i.main) refers to w25qxx.o(i.W25QXX_Init) for W25QXX_Init
    main.o(i.main) refers to malloc.o(i.my_mem_init) for my_mem_init
    main.o(i.main) refers to exfuns.o(i.exfuns_init) for exfuns_init
    main.o(i.main) refers to ff.o(i.f_mount) for f_mount
    main.o(i.main) refers to key.o(i.KEY_Scan) for KEY_Scan
    main.o(i.main) refers to lcd.o(i.LCD_Clear) for LCD_Clear
    main.o(i.main) refers to touch.o(i.TP_Adjust) for TP_Adjust
    main.o(i.main) refers to touch.o(i.TP_Save_Adjdata) for TP_Save_Adjdata
    main.o(i.main) refers to fontupd.o(i.font_init) for font_init
    main.o(i.main) refers to lcd.o(i.LCD_ShowString) for LCD_ShowString
    main.o(i.main) refers to delay.o(i.delay_ms) for delay_ms
    main.o(i.main) refers to lcd.o(i.LCD_Fill) for LCD_Fill
    main.o(i.main) refers to sdio_sdcard.o(i.SD_Init) for SD_Init
    main.o(i.main) refers to fontupd.o(i.update_font) for update_font
    main.o(i.main) refers to common.o(i.atk_8266_test) for atk_8266_test
    main.o(i.main) refers to touch.o(.data) for tp_dev
    main.o(i.main) refers to usmart_config.o(.data) for usmart_dev
    main.o(i.main) refers to exfuns.o(.data) for fs
    main.o(i.main) refers to lcd.o(.data) for POINT_COLOR
    system_stm32f4xx.o(i.SystemCoreClockUpdate) refers to system_stm32f4xx.o(.data) for SystemCoreClock
    system_stm32f4xx.o(i.SystemInit) refers to system_stm32f4xx.o(i.SetSysClock) for SetSysClock
    startup_stm32f40_41xxx.o(STACK) refers (Special) to heapauxi.o(.text) for __use_two_region_memory
    startup_stm32f40_41xxx.o(HEAP) refers (Special) to heapauxi.o(.text) for __use_two_region_memory
    startup_stm32f40_41xxx.o(RESET) refers (Special) to heapauxi.o(.text) for __use_two_region_memory
    startup_stm32f40_41xxx.o(RESET) refers to startup_stm32f40_41xxx.o(STACK) for __initial_sp
    startup_stm32f40_41xxx.o(RESET) refers to startup_stm32f40_41xxx.o(.text) for Reset_Handler
    startup_stm32f40_41xxx.o(RESET) refers to stm32f4xx_it.o(i.NMI_Handler) for NMI_Handler
    startup_stm32f40_41xxx.o(RESET) refers to stm32f4xx_it.o(i.HardFault_Handler) for HardFault_Handler
    startup_stm32f40_41xxx.o(RESET) refers to stm32f4xx_it.o(i.MemManage_Handler) for MemManage_Handler
    startup_stm32f40_41xxx.o(RESET) refers to stm32f4xx_it.o(i.BusFault_Handler) for BusFault_Handler
    startup_stm32f40_41xxx.o(RESET) refers to stm32f4xx_it.o(i.UsageFault_Handler) for UsageFault_Handler
    startup_stm32f40_41xxx.o(RESET) refers to stm32f4xx_it.o(i.SVC_Handler) for SVC_Handler
    startup_stm32f40_41xxx.o(RESET) refers to stm32f4xx_it.o(i.DebugMon_Handler) for DebugMon_Handler
    startup_stm32f40_41xxx.o(RESET) refers to stm32f4xx_it.o(i.PendSV_Handler) for PendSV_Handler
    startup_stm32f40_41xxx.o(RESET) refers to stm32f4xx_it.o(i.SysTick_Handler) for SysTick_Handler
    startup_stm32f40_41xxx.o(RESET) refers to usmart.o(i.TIM4_IRQHandler) for TIM4_IRQHandler
    startup_stm32f40_41xxx.o(RESET) refers to usart.o(i.USART1_IRQHandler) for USART1_IRQHandler
    startup_stm32f40_41xxx.o(RESET) refers to usart3.o(i.USART3_IRQHandler) for USART3_IRQHandler
    startup_stm32f40_41xxx.o(RESET) refers to sdio_sdcard.o(i.SDIO_IRQHandler) for SDIO_IRQHandler
    startup_stm32f40_41xxx.o(RESET) refers to timer.o(i.TIM7_IRQHandler) for TIM7_IRQHandler
    startup_stm32f40_41xxx.o(.text) refers (Special) to heapauxi.o(.text) for __use_two_region_memory
    startup_stm32f40_41xxx.o(.text) refers to system_stm32f4xx.o(i.SystemInit) for SystemInit
    startup_stm32f40_41xxx.o(.text) refers to __main.o(!!!main) for __main
    startup_stm32f40_41xxx.o(.text) refers to startup_stm32f40_41xxx.o(HEAP) for Heap_Mem
    startup_stm32f40_41xxx.o(.text) refers to startup_stm32f40_41xxx.o(STACK) for Stack_Mem
    delay.o(i.delay_init) refers to misc.o(i.SysTick_CLKSourceConfig) for SysTick_CLKSourceConfig
    delay.o(i.delay_init) refers to delay.o(.data) for fac_us
    delay.o(i.delay_ms) refers to delay.o(i.delay_xms) for delay_xms
    delay.o(i.delay_us) refers to delay.o(.data) for fac_us
    delay.o(i.delay_xms) refers to delay.o(.data) for fac_ms
    usart.o(.rev16_text) refers (Special) to use_no_semi_2.o(.text) for __use_no_semihosting
    usart.o(.revsh_text) refers (Special) to use_no_semi_2.o(.text) for __use_no_semihosting
[...]
    TIM_SetAutoreload                        0x0800a4a9   Thumb Code     4  stm32f4xx_tim.o(i.TIM_SetAutoreload)
    TIM_SetCounter                           0x0800a4ad   Thumb Code     4  stm32f4xx_tim.o(i.TIM_SetCounter)
    TIM_TimeBaseInit                         0x0800a4b1   Thumb Code   104  stm32f4xx_tim.o(i.TIM_TimeBaseInit)
    TP_Adj_Info_Show                         0x0800a535   Thumb Code   374  touch.o(i.TP_Adj_Info_Show)
    TP_Adjust                                0x0800a6dd   Thumb Code  2304  touch.o(i.TP_Adjust)
    TP_Drow_Touch_Point                      0x0800afdd   Thumb Code   108  touch.o(i.TP_Drow_Touch_Point)
    TP_Get_Adjdata                           0x0800b04d   Thumb Code   160  touch.o(i.TP_Get_Adjdata)
    TP_Init                                  0x0800b0fd   Thumb Code   290  touch.o(i.TP_Init)
    TP_Read_AD                               0x0800b241   Thumb Code   132  touch.o(i.TP_Read_AD)
    TP_Read_XOY                              0x0800b2d5   Thumb Code   120  touch.o(i.TP_Read_XOY)
    TP_Read_XY                               0x0800b34d   Thumb Code    38  touch.o(i.TP_Read_XY)
    TP_Read_XY2                              0x0800b37d   Thumb Code   192  touch.o(i.TP_Read_XY2)
    TP_Save_Adjdata                          0x0800b43d   Thumb Code   118  touch.o(i.TP_Save_Adjdata)
    TP_Scan                                  0x0800b4bd   Thumb Code   242  touch.o(i.TP_Scan)
    TP_Write_Byte                            0x0800b5b9   Thumb Code    64  touch.o(i.TP_Write_Byte)
    Timer4_Init                              0x0800b605   Thumb Code    86  usmart.o(i.Timer4_Init)
    USART1_IRQHandler                        0x0800b661   Thumb Code   122  usart.o(i.USART1_IRQHandler)
    USART3_IRQHandler                        0x0800b6e9   Thumb Code    96  usart3.o(i.USART3_IRQHandler)
    USART_ClearFlag                          0x0800b759   Thumb Code    18  stm32f4xx_usart.o(i.USART_ClearFlag)
    USART_Cmd                                0x0800b76b   Thumb Code    24  stm32f4xx_usart.o(i.USART_Cmd)
    USART_DeInit                             0x0800b785   Thumb Code   206  stm32f4xx_usart.o(i.USART_DeInit)
    USART_GetFlagStatus                      0x0800b875   Thumb Code    26  stm32f4xx_usart.o(i.USART_GetFlagStatus)
    USART_GetITStatus                        0x0800b88f   Thumb Code    84  stm32f4xx_usart.o(i.USART_GetITStatus)
    USART_ITConfig                           0x0800b8e3   Thumb Code    74  stm32f4xx_usart.o(i.USART_ITConfig)
    USART_Init                               0x0800b92d   Thumb Code   204  stm32f4xx_usart.o(i.USART_Init)
    USART_ReceiveData                        0x0800ba01   Thumb Code    10  stm32f4xx_usart.o(i.USART_ReceiveData)
    USART_SendData                           0x0800ba0b   Thumb Code     8  stm32f4xx_usart.o(i.USART_SendData)
    UsageFault_Handler                       0x0800ba13   Thumb Code     4  stm32f4xx_it.o(i.UsageFault_Handler)
    W25QXX_Erase_Sector                      0x0800ba19   Thumb Code    70  w25qxx.o(i.W25QXX_Erase_Sector)
    W25QXX_Init                              0x0800ba71   Thumb Code   102  w25qxx.o(i.W25QXX_Init)
    W25QXX_Read                              0x0800bae9   Thumb Code    74  w25qxx.o(i.W25QXX_Read)
    W25QXX_ReadID                            0x0800bb39   Thumb Code    64  w25qxx.o(i.W25QXX_ReadID)
    W25QXX_ReadSR                            0x0800bb81   Thumb Code    36  w25qxx.o(i.W25QXX_ReadSR)
    W25QXX_Wait_Busy                         0x0800bbad   Thumb Code    18  w25qxx.o(i.W25QXX_Wait_Busy)
    W25QXX_Write                             0x0800bbc1   Thumb Code   180  w25qxx.o(i.W25QXX_Write)
    W25QXX_Write_Enable                      0x0800bc79   Thumb Code    24  w25qxx.o(i.W25QXX_Write_Enable)
    W25QXX_Write_NoCheck                     0x0800bc99   Thumb Code    70  w25qxx.o(i.W25QXX_Write_NoCheck)
    W25QXX_Write_Page                        0x0800bce1   Thumb Code    80  w25qxx.o(i.W25QXX_Write_Page)
    __ARM_fpclassify                         0x0800bd35   Thumb Code    48  fpclassify.o(i.__ARM_fpclassify)
    __hardfp_sqrt                            0x0800bd65   Thumb Code   122  sqrt.o(i.__hardfp_sqrt)
    _is_digit                                0x0800bddf   Thumb Code    14  __printf_wp.o(i._is_digit)
    _sys_exit                                0x0800bded   Thumb Code     4  usart.o(i._sys_exit)
    atk_8266_apsta_test                      0x0800bdf1   Thumb Code  2058  apsta.o(i.atk_8266_apsta_test)
    atk_8266_at_response                     0x0800c695   Thumb Code    46  common.o(i.atk_8266_at_response)
    atk_8266_check_cmd                       0x0800c6d1   Thumb Code    44  common.o(i.atk_8266_check_cmd)
    atk_8266_consta_check                    0x0800c705   Thumb Code    36  common.o(i.atk_8266_consta_check)
    atk_8266_get_ip                          0x0800c749   Thumb Code   252  common.o(i.atk_8266_get_ip)
    atk_8266_get_keynum                      0x0800c895   Thumb Code   230  common.o(i.atk_8266_get_keynum)
    atk_8266_get_wanip                       0x0800c985   Thumb Code    58  common.o(i.atk_8266_get_wanip)
    atk_8266_ip_set                          0x0800c9d9   Thumb Code   366  common.o(i.atk_8266_ip_set)
    atk_8266_key_staset                      0x0800cb85   Thumb Code   292  common.o(i.atk_8266_key_staset)
    atk_8266_load_keyboard                   0x0800ccb1   Thumb Code   280  common.o(i.atk_8266_load_keyboard)
    atk_8266_mode_cofig                      0x0800cdd5   Thumb Code   350  common.o(i.atk_8266_mode_cofig)
    atk_8266_msg_show                        0x0800d059   Thumb Code   648  common.o(i.atk_8266_msg_show)
    atk_8266_mtest_ui                        0x0800d3ad   Thumb Code   166  common.o(i.atk_8266_mtest_ui)
    atk_8266_netpro_sel                      0x0800d4b1   Thumb Code   506  common.o(i.atk_8266_netpro_sel)
    atk_8266_quit_trans                      0x0800d719   Thumb Code   100  common.o(i.atk_8266_quit_trans)
    atk_8266_send_cmd                        0x0800d789   Thumb Code    92  common.o(i.atk_8266_send_cmd)
    atk_8266_send_data                       0x0800d7fd   Thumb Code    84  common.o(i.atk_8266_send_data)
    atk_8266_test                            0x0800d859   Thumb Code   338  common.o(i.atk_8266_test)
    atk_8266_wifiap_test                     0x0800da69   Thumb Code  1948  wifiap.o(i.atk_8266_wifiap_test)
    atk_8266_wificonf_show                   0x0800e255   Thumb Code   230  common.o(i.atk_8266_wificonf_show)
    atk_8266_wifista_test                    0x0800e35d   Thumb Code  2054  wifista.o(i.atk_8266_wifista_test)
    clust2sect                               0x0800ecc3   Thumb Code    26  ff.o(i.clust2sect)
    convert_from_bytes_to_power_of_two       0x0800ed6d   Thumb Code    18  sdio_sdcard.o(i.convert_from_bytes_to_power_of_two)
    delay_init                               0x0800f0c5   Thumb Code    52  delay.o(i.delay_init)
    delay_ms                                 0x0800f101   Thumb Code    56  delay.o(i.delay_ms)
    delay_us                                 0x0800f139   Thumb Code    72  delay.o(i.delay_us)
    delay_xms                                0x0800f185   Thumb Code    72  delay.o(i.delay_xms)
    dir_sdi                                  0x0800f545   Thumb Code   158  ff.o(i.dir_sdi)
    disk_initialize                          0x0800f5e5   Thumb Code    52  diskio.o(i.disk_initialize)
    disk_ioctl                               0x0800f61d   Thumb Code   170  diskio.o(i.disk_ioctl)
    disk_read                                0x0800f6d1   Thumb Code    98  diskio.o(i.disk_read)
    disk_status                              0x0800f733   Thumb Code     6  diskio.o(i.disk_status)
    disk_write                               0x0800f739   Thumb Code    98  diskio.o(i.disk_write)
    exfuns_init                              0x0800f79d   Thumb Code   110  exfuns.o(i.exfuns_init)
    f_close                                  0x0800f81d   Thumb Code    32  ff.o(i.f_close)
    f_mount                                  0x0800f83d   Thumb Code    86  ff.o(i.f_mount)
    f_open                                   0x0800f899   Thumb Code   384  ff.o(i.f_open)
    f_read                                   0x0800fa19   Thumb Code   432  ff.o(i.f_read)
    f_sync                                   0x0800fbc9   Thumb Code   176  ff.o(i.f_sync)
    ff_convert                               0x0800fc79   Thumb Code   146  mycc936.o(i.ff_convert)
    ff_memalloc                              0x0800fd11   Thumb Code    14  diskio.o(i.ff_memalloc)
    ff_memfree                               0x0800fd1f   Thumb Code    14  diskio.o(i.ff_memfree)
    ff_wtoupper                              0x0800fd2d   Thumb Code    46  mycc936.o(i.ff_wtoupper)
    font_init                                0x080101fd   Thumb Code    64  fontupd.o(i.font_init)
    fputc                                    0x08010241   Thumb Code    22  usart.o(i.fputc)
    fupd_prog                                0x0801025d   Thumb Code   148  fontupd.o(i.fupd_prog)
    get_fat                                  0x080103c1   Thumb Code   232  ff.o(i.get_fat)
    get_fattime                              0x080104a9   Thumb Code     4  diskio.o(i.get_fattime)
    main                                     0x08010519   Thumb Code   404  main.o(i.main)
    my_mem_free                              0x080107b9   Thumb Code    96  malloc.o(i.my_mem_free)
    my_mem_init                              0x08010825   Thumb Code    54  malloc.o(i.my_mem_init)
    my_mem_malloc                            0x08010869   Thumb Code   156  malloc.o(i.my_mem_malloc)
    my_mem_perused                           0x08010911   Thumb Code    54  malloc.o(i.my_mem_perused)
    myfree                                   0x08010951   Thumb Code    30  malloc.o(i.myfree)
    mymalloc                                 0x08010975   Thumb Code    34  malloc.o(i.mymalloc)
    mymemset                                 0x0801099d   Thumb Code    20  malloc.o(i.mymemset)
    put_fat                                  0x080109b1   Thumb Code   310  ff.o(i.put_fat)
    read_addr                                0x08010ae7   Thumb Code     6  usmart.o(i.read_addr)
    u3_printf                                0x08010c9d   Thumb Code    72  usart3.o(i.u3_printf)
    uart_init                                0x08010ced   Thumb Code   172  usart.o(i.uart_init)
    updata_fontx                             0x08010da1   Thumb Code   346  fontupd.o(i.updata_fontx)
    update_font                              0x08010f05   Thumb Code   784  fontupd.o(i.update_font)
    usart3_init                              0x08011299   Thumb Code   198  usart3.o(i.usart3_init)
    usmart_cmd_rec                           0x08011371   Thumb Code   170  usmart.o(i.usmart_cmd_rec)
    usmart_exe                               0x08011421   Thumb Code   632  usmart.o(i.usmart_exe)
    usmart_get_aparm                         0x080116f5   Thumb Code   200  usmart_str.o(i.usmart_get_aparm)
    usmart_get_cmdname                       0x080117bd   Thumb Code    54  usmart_str.o(i.usmart_get_cmdname)
    usmart_get_fname                         0x080117f5   Thumb Code   440  usmart_str.o(i.usmart_get_fname)
    usmart_get_fparam                        0x080119b5   Thumb Code   262  usmart_str.o(i.usmart_get_fparam)
    usmart_get_parmpos                       0x08011ac1   Thumb Code    26  usmart_str.o(i.usmart_get_parmpos)
    usmart_get_runtime                       0x08011ae1   Thumb Code    60  usmart.o(i.usmart_get_runtime)
    usmart_init                              0x08011b25   Thumb Code    36  usmart.o(i.usmart_init)
    usmart_pow                               0x08011b4d   Thumb Code    22  usmart_str.o(i.usmart_pow)
    usmart_reset_runtime                     0x08011b65   Thumb Code    38  usmart.o(i.usmart_reset_runtime)
    usmart_scan                              0x08011b95   Thumb Code   120  usmart.o(i.usmart_scan)
    usmart_search_nextc                      0x08011c51   Thumb Code    22  usmart_str.o(i.usmart_search_nextc)
    usmart_str2num                           0x08011c67   Thumb Code   202  usmart_str.o(i.usmart_str2num)
    usmart_strcmp                            0x08011d31   Thumb Code    34  usmart_str.o(i.usmart_strcmp)
    usmart_strcopy                           0x08011d53   Thumb Code    22  usmart_str.o(i.usmart_strcopy)
    usmart_strlen                            0x08011d69   Thumb Code    24  usmart_str.o(i.usmart_strlen)
    usmart_sys_cmd_exe                       0x08011d81   Thumb Code  1554  usmart.o(i.usmart_sys_cmd_exe)
    write_addr                               0x0801249b   Thumb Code     4  usmart.o(i.write_addr)
    _get_lc_numeric                          0x080124a1   Thumb Code    44  lc_numeric_c.o(locale$$code)
    _get_lc_ctype                            0x080124cd   Thumb Code    44  lc_ctype_c.o(locale$$code)
    __aeabi_dadd                             0x080124f9   Thumb Code     0  daddsub_clz.o(x$fpl$dadd)
    _dadd                                    0x080124f9   Thumb Code   332  daddsub_clz.o(x$fpl$dadd)
    __fpl_dcmp_Inf                           0x08012649   Thumb Code    24  dcmpi.o(x$fpl$dcmpinf)
    __aeabi_d2uiz                            0x08012661   Thumb Code     0  dfixu.o(x$fpl$dfixu)
    _dfixu                                   0x08012661   Thumb Code    90  dfixu.o(x$fpl$dfixu)
    __aeabi_i2d                              0x080126bb   Thumb Code     0  dflt_clz.o(x$fpl$dflt)
    _dflt                                    0x080126bb   Thumb Code    46  dflt_clz.o(x$fpl$dflt)
    __aeabi_ui2d                             0x080126e9   Thumb Code     0  dflt_clz.o(x$fpl$dfltu)
    _dfltu                                   0x080126e9   Thumb Code    38  dflt_clz.o(x$fpl$dfltu)
    __aeabi_cdcmple                          0x08012711   Thumb Code     0  dleqf.o(x$fpl$dleqf)
    _dcmple                                  0x08012711   Thumb Code   120  dleqf.o(x$fpl$dleqf)
    __fpl_dcmple_InfNaN                      0x08012773   Thumb Code     0  dleqf.o(x$fpl$dleqf)
    __aeabi_dmul                             0x08012789   Thumb Code     0  dmul.o(x$fpl$dmul)
    _dmul                                    0x08012789   Thumb Code   332  dmul.o(x$fpl$dmul)
    __fpl_dnaninf                            0x080128dd   Thumb Code   156  dnaninf.o(x$fpl$dnaninf)
    __fpl_dretinf                            0x08012979   Thumb Code    12  dretinf.o(x$fpl$dretinf)
    __aeabi_cdrcmple                         0x08012985   Thumb Code     0  drleqf.o(x$fpl$drleqf)
    _drcmple                                 0x08012985   Thumb Code   108  drleqf.o(x$fpl$drleqf)
    __aeabi_drsub                            0x080129f1   Thumb Code     0  daddsub_clz.o(x$fpl$drsb)
    _drsb                                    0x080129f1   Thumb Code    22  daddsub_clz.o(x$fpl$drsb)
    _dsqrt                                   0x08012a09   Thumb Code   404  dsqrt_umaal.o(x$fpl$dsqrt)
    __aeabi_dsub                             0x08012ba1   Thumb Code     0  daddsub_clz.o(x$fpl$dsub)
    _dsub                                    0x08012ba1   Thumb Code   464  daddsub_clz.o(x$fpl$dsub)
    __aeabi_f2d                              0x08012d75   Thumb Code     0  f2d.o(x$fpl$f2d)
    _f2d                                     0x08012d75   Thumb Code    86  f2d.o(x$fpl$f2d)
    __fpl_fnaninf                            0x08012dcb   Thumb Code   140  fnaninf.o(x$fpl$fnaninf)
    _fp_init                                 0x08012e57   Thumb Code    10  fpinit.o(x$fpl$fpinit)
    __fplib_config_fpu_vfp                   0x08012e5f   Thumb Code     0  fpinit.o(x$fpl$fpinit)
    __fplib_config_pureend_doubles           0x08012e5f   Thumb Code     0  fpinit.o(x$fpl$fpinit)
    _printf_fp_dec                           0x08012e61   Thumb Code     4  printf1.o(x$fpl$printf1)
    _printf_fp_hex                           0x08012e65   Thumb Code     4  printf2.o(x$fpl$printf2)
    __I$use$fp                               0x08012e68   Number         0  usenofp.o(x$fpl$usenofp)
    asc2_1206                                0x08012e68   Data        1140  lcd.o(.constdata)
    asc2_1608                                0x080132dc   Data        1520  lcd.o(.constdata)
    asc2_2412                                0x080138cc   Data        3420  lcd.o(.constdata)
    FT5206_TPX_TBL                           0x08014628   Data          10  ft5206.o(.constdata)
    GT9147_CFG_TBL                           0x08014632   Data         184  gt9147.o(.constdata)
    GT9147_TPX_TBL                           0x080146ea   Data          10  gt9147.o(.constdata)
    OTT_TPX_TBL                              0x080146f4   Data          10  ott2001a.o(.constdata)
    TP_REMIND_MSG_TBL                        0x08014700   Data           4  touch.o(.constdata)
    memtblsize                               0x08014704   Data          12  malloc.o(.constdata)
    memblksize                               0x08014710   Data          12  malloc.o(.constdata)
    memsize                                  0x0801471c   Data          12  malloc.o(.constdata)
    GBK24_PATH                               0x08014b24   Data           4  fontupd.o(.constdata)
    GBK16_PATH                               0x08014b28   Data           4  fontupd.o(.constdata)
    GBK12_PATH                               0x08014b2c   Data           4  fontupd.o(.constdata)
    UNIGBK_PATH                              0x08014b30   Data           4  fontupd.o(.constdata)
    Region$$Table$$Base                      0x08014f14   Number         0  anon$$obj.o(Region$$Table)
    Region$$Table$$Limit                     0x08014f34   Number         0  anon$$obj.o(Region$$Table)
    __ctype                                  0x08014f5d   Data           0  lc_ctype_c.o(locale$$data)
    mem3base                                 0x10000000   Data       61440  malloc.o(.ARM.__AT_0x10000000)
    mem3mapbase                              0x1000f000   Data        3840  malloc.o(.ARM.__AT_0x1000F000)
    __stdout                                 0x20000004   Data           4  usart.o(.data)
    USART_RX_STA                             0x20000008   Data           2  usart.o(.data)
    POINT_COLOR                              0x2000000c   Data           2  lcd.o(.data)
    BACK_COLOR                               0x2000000e   Data           2  lcd.o(.data)
    TransferError                            0x2000001a   Data           1  sdio_sdcard.o(.data)
    TransferEnd                              0x2000001b   Data           1  sdio_sdcard.o(.data)
    tempbuff                                 0x2000001c   Data           4  sdio_sdcard.o(.data)
    tp_dev                                   0x20000024   Data          52  touch.o(.data)
    CMD_RDX                                  0x20000058   Data           1  touch.o(.data)
    CMD_RDY                                  0x20000059   Data           1  touch.o(.data)
    USART3_RX_STA                            0x2000005a   Data           2  usart3.o(.data)
    W25QXX_TYPE                              0x2000005c   Data           2  w25qxx.o(.data)
    mallco_dev                               0x20000070   Data          36  malloc.o(.data)
    FLASH_SECTOR_COUNT                       0x2000009e   Data           2  diskio.o(.data)
    FILE_TYPE_TBL                            0x200000a0   Data         312  exfuns.o(.data)
    fs                                       0x200001d8   Data           8  exfuns.o(.data)
    file                                     0x200001e0   Data           4  exfuns.o(.data)
    ftemp                                    0x200001e4   Data           4  exfuns.o(.data)
    br                                       0x200001e8   Data           4  exfuns.o(.data)
    bw                                       0x200001ec   Data           4  exfuns.o(.data)
    fatbuf                                   0x200001f0   Data           4  exfuns.o(.data)
    portnum                                  0x200001f4   Data           4  common.o(.data)
    wifista_ssid                             0x200001f8   Data           4  common.o(.data)
    wifista_encryption                       0x200001fc   Data           4  common.o(.data)
    wifista_password                         0x20000200   Data           4  common.o(.data)
    wifiap_ssid                              0x20000204   Data           4  common.o(.data)
    wifiap_encryption                        0x20000208   Data           4  common.o(.data)
    wifiap_password                          0x2000020c   Data           4  common.o(.data)
    ATK_ESP8266_CWMODE_TBL                   0x20000210   Data          12  common.o(.data)
    ATK_ESP8266_WORKMODE_TBL                 0x2000021c   Data          12  common.o(.data)
    ATK_ESP8266_ECN_TBL                      0x20000228   Data          20  common.o(.data)
    kbd_tbl                                  0x2000023c   Data          52  common.o(.data)
    kbd_fn_tbl                               0x20000270   Data           8  common.o(.data)
    netpro                                   0x20000279   Data           1  wifista.o(.data)
    sys_cmd_tab                              0x2000027c   Data          28  usmart.o(.data)
    usmart_nametab                           0x20000298   Data          32  usmart_config.o(.data)
    usmart_dev                               0x200002b8   Data         244  usmart_config.o(.data)
    USART_RX_BUF                             0x200003ac   Data         200  usart.o(.bss)
    lcddev                                   0x20000474   Data          14  lcd.o(.bss)
    SDIO_InitStructure                       0x20000488   Data          24  sdio_sdcard.o(.bss)
    SDIO_CmdInitStructure                    0x200004a0   Data          20  sdio_sdcard.o(.bss)
    SDIO_DataInitStructure                   0x200004b4   Data          24  sdio_sdcard.o(.bss)
    SDCardInfo                               0x200004f0   Data          88  sdio_sdcard.o(.bss)
    SDIO_DATA_BUFFER                         0x20000548   Data         512  sdio_sdcard.o(.bss)
    USART3_TX_BUF                            0x20000748   Data         400  usart3.o(.bss)
    USART3_RX_BUF                            0x200008d8   Data         400  usart3.o(.bss)
    W25QXX_BUFFER                            0x20000a68   Data        4096  w25qxx.o(.bss)
    mem1base                                 0x20001a80   Data       102400  malloc.o(.bss)
    mem1mapbase                              0x2001aa80   Data        6400  malloc.o(.bss)
    ftinfo                                   0x2001c380   Data          33  fontupd.o(.bss)
    __libspace_start                         0x2001c3a4   Data          96  libspace.o(.bss)
    __temporary_stack_top$libspace           0x2001c404   Data           0  libspace.o(.bss)
    mem2base                                 0x68000000   Data       983040  malloc.o(.ARM.__AT_0x68000000)
    mem2mapbase                              0x680f0000   Data       61440  malloc.o(.ARM.__AT_0x680F0000)



==============================================================================

Memory Map of the image

  Image Entry point : 0x08000189

  Load Region LR_IROM1 (Base: 0x08000000, Size: 0x0001540c, Max: 0x00100000, ABSOLUTE, COMPRESSED[0x0001519c])

    Execution Region ER_IROM1 (Exec base: 0x08000000, Load base: 0x08000000, Size: 0x00015060, Max: 0x00100000, ABSOLUTE)

    Exec Addr    Load Addr    Size         Type   Attr      Idx    E Section Name        Object

    0x08000000   0x08000000   0x00000188   Data   RO          369    RESET               startup_stm32f40_41xxx.o
    0x08000188   0x08000188   0x00000008   Code   RO         5597  * !!!main             c_w.l(__main.o)
    0x08000190   0x08000190   0x00000034   Code   RO         5934    !!!scatter          c_w.l(__scatter.o)
    0x080001c4   0x080001c4   0x0000005a   Code   RO         5932    !!dczerorl2         c_w.l(__dczerorl2.o)
    0x0800021e   0x0800021e   0x00000002   PAD
    0x08000220   0x08000220   0x0000001c   Code   RO         5936    !!handler_zi        c_w.l(__scatter_zi.o)
    0x0800023c   0x0800023c   0x00000000   Code   RO         5582    .ARM.Collect$$_printf_percent$$00000000  c_w.l(_printf_percent.o)
    0x0800023c   0x0800023c   0x00000006   Code   RO         5667    .ARM.Collect$$_printf_percent$$00000001  c_w.l(_printf_n.o)
    0x08000242   0x08000242   0x00000006   Code   RO         5668    .ARM.Collect$$_printf_percent$$00000002  c_w.l(_printf_p.o)
    0x08000248   0x08000248   0x00000006   Code   RO         5671    .ARM.Collect$$_printf_percent$$00000003  c_w.l(_printf_f.o)
    0x0800024e   0x0800024e   0x00000006   Code   RO         5672    .ARM.Collect$$_printf_percent$$00000004  c_w.l(_printf_e.o)
    0x08000254   0x08000254   0x00000006   Code   RO         5673    .ARM.Collect$$_printf_percent$$00000005  c_w.l(_printf_g.o)
    0x0800025a   0x0800025a   0x00000006   Code   RO         5674    .ARM.Collect$$_printf_percent$$00000006  c_w.l(_printf_a.o)
    0x08000260   0x08000260   0x0000000a   Code   RO         5679    .ARM.Collect$$_printf_percent$$00000007  c_w.l(_printf_ll.o)
    0x0800026a   0x0800026a   0x00000006   Code   RO         5670    .ARM.Collect$$_printf_percent$$00000008  c_w.l(_printf_i.o)
    0x08000270   0x08000270   0x00000006   Code   RO         5580    .ARM.Collect$$_printf_percent$$00000009  c_w.l(_printf_d.o)
    0x08000276   0x08000276   0x00000006   Code   RO         5581    .ARM.Collect$$_printf_percent$$0000000A  c_w.l(_printf_u.o)
    0x0800027c   0x0800027c   0x00000006   Code   RO         5669    .ARM.Collect$$_printf_percent$$0000000B  c_w.l(_printf_o.o)
    0x08000282   0x08000282   0x00000006   Code   RO         5579    .ARM.Collect$$_printf_percent$$0000000C  c_w.l(_printf_x.o)
    0x08000288   0x08000288   0x00000006   Code   RO         5676    .ARM.Collect$$_printf_percent$$0000000D  c_w.l(_printf_lli.o)
    0x0800028e   0x0800028e   0x00000006   Code   RO         5677    .ARM.Collect$$_printf_percent$$0000000E  c_w.l(_printf_lld.o)
    0x08000294   0x08000294   0x00000006   Code   RO         5678    .ARM.Collect$$_printf_percent$$0000000F  c_w.l(_printf_llu.o)
    0x0800029a   0x0800029a   0x00000006   Code   RO         5683    .ARM.Collect$$_printf_percent$$00000010  c_w.l(_printf_llo.o)
    0x080002a0   0x080002a0   0x00000006   Code   RO         5684    .ARM.Collect$$_printf_percent$$00000011  c_w.l(_printf_llx.o)
    0x080002a6   0x080002a6   0x0000000a   Code   RO         5680    .ARM.Collect$$_printf_percent$$00000012  c_w.l(_printf_l.o)
    0x080002b0   0x080002b0   0x00000006   Code   RO         5577    .ARM.Collect$$_printf_percent$$00000013  c_w.l(_printf_c.o)
    0x080002b6   0x080002b6   0x00000006   Code   RO         5578    .ARM.Collect$$_printf_percent$$00000014  c_w.l(_printf_s.o)
    0x080002bc   0x080002bc   0x00000006   Code   RO         5681    .ARM.Collect$$_printf_percent$$00000015  c_w.l(_printf_lc.o)
    0x080002c2   0x080002c2   0x00000006   Code   RO         5682    .ARM.Collect$$_printf_percent$$00000016  c_w.l(_printf_ls.o)
    0x080002c8   0x080002c8   0x00000004   Code   RO         5675    .ARM.Collect$$_printf_percent$$00000017  c_w.l(_printf_percent_end.o)
    0x080002cc   0x080002cc   0x00000002   Code   RO         5798    .ARM.Collect$$libinit$$00000000  c_w.l(libinit.o)
    0x080002ce   0x080002ce   0x00000004   Code   RO         5812    .ARM.Collect$$libinit$$00000001  c_w.l(libinit2.o)
    0x080002d2   0x080002d2   0x00000000   Code   RO         5815    .ARM.Collect$$libinit$$00000004  c_w.l(libinit2.o)
    0x080002d2   0x080002d2   0x00000000   Code   RO         5818    .ARM.Collect$$libinit$$0000000A  c_w.l(libinit2.o)
    0x080002d2   0x080002d2   0x00000000   Code   RO         5820    .ARM.Collect$$libinit$$0000000C  c_w.l(libinit2.o)
    0x080002d2   0x080002d2   0x00000000   Code   RO         5822    .ARM.Collect$$libinit$$0000000E  c_w.l(libinit2.o)
    0x080002d2   0x080002d2   0x00000006   Code   RO         5823    .ARM.Collect$$libinit$$0000000F  c_w.l(libinit2.o)
    0x080002d8   0x080002d8   0x00000000   Code   RO         5825    .ARM.Collect$$libinit$$00000011  c_w.l(libinit2.o)
    0x080002d8   0x080002d8   0x0000000c   Code   RO         5826    .ARM.Collect$$libinit$$00000012  c_w.l(libinit2.o)
    0x080002e4   0x080002e4   0x00000000   Code   RO         5827    .ARM.Collect$$libinit$$00000013  c_w.l(libinit2.o)
    0x080002e4   0x080002e4   0x00000000   Code   RO         5829    .ARM.Collect$$libinit$$00000015  c_w.l(libinit2.o)
    0x080002e4   0x080002e4   0x0000000a   Code   RO         5830    .ARM.Collect$$libinit$$00000016  c_w.l(libinit2.o)
    0x080002ee   0x080002ee   0x00000000   Code   RO         5831    .ARM.Collect$$libinit$$00000017  c_w.l(libinit2.o)
    0x080002ee   0x080002ee   0x00000000   Code   RO         5833    .ARM.Collect$$libinit$$00000019  c_w.l(libinit2.o)
    0x080002ee   0x080002ee   0x00000000   Code   RO         5835    .ARM.Collect$$libinit$$0000001B  c_w.l(libinit2.o)
    0x080002ee   0x080002ee   0x00000000   Code   RO         5837    .ARM.Collect$$libinit$$0000001D  c_w.l(libinit2.o)
    0x080002ee   0x080002ee   0x00000000   Code   RO         5839    .ARM.Collect$$libinit$$0000001F  c_w.l(libinit2.o)
    0x080002ee   0x080002ee   0x00000000   Code   RO         5841    .ARM.Collect$$libinit$$00000021  c_w.l(libinit2.o)
    0x080002ee   0x080002ee   0x00000000   Code   RO         5843    .ARM.Collect$$libinit$$00000023  c_w.l(libinit2.o)
    0x080002ee   0x080002ee   0x00000000   Code   RO         5845    .ARM.Collect$$libinit$$00000025  c_w.l(libinit2.o)
    0x080002ee   0x080002ee   0x00000000   Code   RO         5849    .ARM.Collect$$libinit$$0000002C  c_w.l(libinit2.o)
    0x080002ee   0x080002ee   0x00000000   Code   RO         5851    .ARM.Collect$$libinit$$0000002E  c_w.l(libinit2.o)
    0x080002ee   0x080002ee   0x00000000   Code   RO         5853    .ARM.Collect$$libinit$$00000030  c_w.l(libinit2.o)
    0x080002ee   0x080002ee   0x00000000   Code   RO         5855    .ARM.Collect$$libinit$$00000032  c_w.l(libinit2.o)
    0x080002ee   0x080002ee   0x00000002   Code   RO         5856    .ARM.Collect$$libinit$$00000033  c_w.l(libinit2.o)
    0x080002f0   0x080002f0   0x00000002   Code   RO         5884    .ARM.Collect$$libshutdown$$00000000  c_w.l(libshutdown.o)
    0x080002f2   0x080002f2   0x00000000   Code   RO         5898    .ARM.Collect$$libshutdown$$00000002  c_w.l(libshutdown2.o)
    0x080002f2   0x080002f2   0x00000000   Code   RO         5900    .ARM.Collect$$libshutdown$$00000004  c_w.l(libshutdown2.o)
    0x080002f2   0x080002f2   0x00000000   Code   RO         5903    .ARM.Collect$$libshutdown$$00000007  c_w.l(libshutdown2.o)
    0x080002f2   0x080002f2   0x00000000   Code   RO         5906    .ARM.Collect$$libshutdown$$0000000A  c_w.l(libshutdown2.o)
    0x080002f2   0x080002f2   0x00000000   Code   RO         5908    .ARM.Collect$$libshutdown$$0000000C  c_w.l(libshutdown2.o)
    0x080002f2   0x080002f2   0x00000000   Code   RO         5911    .ARM.Collect$$libshutdown$$0000000F  c_w.l(libshutdown2.o)
    0x080002f2   0x080002f2   0x00000002   Code   RO         5912    .ARM.Collect$$libshutdown$$00000010  c_w.l(libshutdown2.o)
    0x080002f4   0x080002f4   0x00000000   Code   RO         5637    .ARM.Collect$$rtentry$$00000000  c_w.l(__rtentry.o)
    0x080002f4   0x080002f4   0x00000000   Code   RO         5707    .ARM.Collect$$rtentry$$00000002  c_w.l(__rtentry2.o)
    0x080002f4   0x080002f4   0x00000006   Code   RO         5719    .ARM.Collect$$rtentry$$00000004  c_w.l(__rtentry4.o)
    0x080002fa   0x080002fa   0x00000000   Code   RO         5709    .ARM.Collect$$rtentry$$00000009  c_w.l(__rtentry2.o)
    0x080002fa   0x080002fa   0x00000004   Code   RO         5710    .ARM.Collect$$rtentry$$0000000A  c_w.l(__rtentry2.o)
    0x080002fe   0x080002fe   0x00000000   Code   RO         5712    .ARM.Collect$$rtentry$$0000000C  c_w.l(__rtentry2.o)
    0x080002fe   0x080002fe   0x00000008   Code   RO         5713    .ARM.Collect$$rtentry$$0000000D  c_w.l(__rtentry2.o)
    0x08000306   0x08000306   0x00000002   Code   RO         5803    .ARM.Collect$$rtexit$$00000000  c_w.l(rtexit.o)
    0x08000308   0x08000308   0x00000000   Code   RO         5858    .ARM.Collect$$rtexit$$00000002  c_w.l(rtexit2.o)
    0x08000308   0x08000308   0x00000004   Code   RO         5859    .ARM.Collect$$rtexit$$00000003  c_w.l(rtexit2.o)
    0x0800030c   0x0800030c   0x00000006   Code   RO         5860    .ARM.Collect$$rtexit$$00000004  c_w.l(rtexit2.o)
    0x08000312   0x08000312   0x00000002   PAD
    0x08000314   0x08000314   0x00000010   Code   RO          421    .emb_text           sys.o
    0x08000324   0x08000324   0x00000040   Code   RO          370    .text               startup_stm32f40_41xxx.o
    0x08000364   0x08000364   0x00000002   Code   RO         5514    .text               c_w.l(use_no_semi_2.o)
    0x08000366   0x08000366   0x00000048   Code   RO         5516    .text               c_w.l(llsdiv.o)
    0x080003ae   0x080003ae   0x00000002   PAD
    0x080003b0   0x080003b0   0x00000024   Code   RO         5518    .text               c_w.l(vsprintf.o)
    0x080003d4   0x080003d4   0x00000018   Code   RO         5520    .text               c_w.l(__2printf.o)
    0x080003ec   0x080003ec   0x0000002c   Code   RO         5522    .text               c_w.l(__2sprintf.o)
    0x08000418   0x08000418   0x0000004e   Code   RO         5530    .text               c_w.l(_printf_pad.o)
    0x08000466   0x08000466   0x00000052   Code   RO         5532    .text               c_w.l(_printf_str.o)
    0x080004b8   0x080004b8   0x00000078   Code   RO         5534    .text               c_w.l(_printf_dec.o)
    0x08000530   0x08000530   0x00000094   Code   RO         5554    .text               c_w.l(_printf_hex_int_ll_ptr.o)
    0x080005c4   0x080005c4   0x00000188   Code   RO         5574    .text               c_w.l(__printf_flags_ss_wp.o)
    0x0800074c   0x0800074c   0x00000024   Code   RO         5583    .text               c_w.l(strstr.o)
    0x08000770   0x08000770   0x00000048   Code   RO         5585    .text               c_w.l(strcpy.o)
    0x080007b8   0x080007b8   0x0000003e   Code   RO         5587    .text               c_w.l(strlen.o)
    0x080007f6   0x080007f6   0x00000018   Code   RO         5589    .text               c_w.l(strcat.o)
    0x0800080e   0x0800080e   0x0000008a   Code   RO         5591    .text               c_w.l(rt_memcpy_v6.o)
    0x08000898   0x08000898   0x00000080   Code   RO         5593    .text               c_w.l(strcmpv7m.o)
    0x08000918   0x08000918   0x00000006   Code   RO         5595    .text               c_w.l(heapauxi.o)
    0x0800091e   0x0800091e   0x00000002   Code   RO         5635    .text               c_w.l(use_no_semi.o)
    0x08000920   0x08000920   0x000000ee   Code   RO         5638    .text               c_w.l(lludivv7m.o)
    0x08000a0e   0x08000a0e   0x00000016   Code   RO         5640    .text               c_w.l(_rserrno.o)
    0x08000a24   0x08000a24   0x00000024   Code   RO         5642    .text               c_w.l(_printf_truncate.o)
    0x08000a48   0x08000a48   0x000000b2   Code   RO         5644    .text               c_w.l(_printf_intcommon.o)
    0x08000afa   0x08000afa   0x00000028   Code   RO         5646    .text               c_w.l(_printf_charcount.o)
    0x08000b22   0x08000b22   0x00000002   PAD
    0x08000b24   0x08000b24   0x00000030   Code   RO         5648    .text               c_w.l(_printf_char_common.o)
    0x08000b54   0x08000b54   0x0000000a   Code   RO         5650    .text               c_w.l(_sputc.o)
    0x08000b5e   0x08000b5e   0x0000002c   Code   RO         5652    .text               c_w.l(_printf_char.o)
    0x08000b8a   0x08000b8a   0x00000002   PAD
    0x08000b8c   0x08000b8c   0x00000024   Code   RO         5654    .text               c_w.l(_printf_char_file.o)
    0x08000bb0   0x08000bb0   0x000000bc   Code   RO         5656    .text               c_w.l(_printf_wctomb.o)
    0x08000c6c   0x08000c6c   0x0000007c   Code   RO         5659    .text               c_w.l(_printf_longlong_dec.o)
    0x08000ce8   0x08000ce8   0x00000070   Code   RO         5665    .text               c_w.l(_printf_oct_int_ll.o)
    0x08000d58   0x08000d58   0x00000064   Code   RO         5685    .text               c_w.l(rt_memcpy_w.o)
    0x08000dbc   0x08000dbc   0x00000008   Code   RO         5728    .text               c_w.l(rt_errno_addr_intlibspace.o)
    0x08000dc4   0x08000dc4   0x0000008a   Code   RO         5730    .text               c_w.l(lludiv10.o)
    0x08000e4e   0x08000e4e   0x0000041e   Code   RO         5732    .text               c_w.l(_printf_fp_dec.o)
    0x0800126c   0x0800126c   0x000002fc   Code   RO         5734    .text               c_w.l(_printf_fp_hex.o)
    0x08001568   0x08001568   0x0000002c   Code   RO         5739    .text               c_w.l(_printf_wchar.o)
    0x08001594   0x08001594   0x00000008   Code   RO         5741    .text               c_w.l(ferror.o)
    0x0800159c   0x0800159c   0x00000040   Code   RO         5745    .text               c_w.l(_wcrtomb.o)
    0x080015dc   0x080015dc   0x00000008   Code   RO         5747    .text               c_w.l(libspace.o)
    0x080015e4   0x080015e4   0x0000004a   Code   RO         5750    .text               c_w.l(sys_stackheap_outer.o)
    0x0800162e   0x0800162e   0x00000002   PAD
    0x08001630   0x08001630   0x00000010   Code   RO         5752    .text               c_w.l(rt_ctype_table.o)
    0x08001640   0x08001640   0x00000008   Code   RO         5759    .text               c_w.l(rt_locale_intlibspace.o)
    0x08001648   0x08001648   0x00000080   Code   RO         5761    .text               c_w.l(_printf_fp_infnan.o)
    0x080016c8   0x080016c8   0x000000e4   Code   RO         5763    .text               c_w.l(bigflt0.o)
    0x080017ac   0x080017ac   0x00000012   Code   RO         5791    .text               c_w.l(exit.o)
    0x080017be   0x080017be   0x0000003e   Code   RO         5766    CL$$btod_d2e        c_w.l(btod.o)
    0x080017fc   0x080017fc   0x00000046   Code   RO         5768    CL$$btod_d2e_denorm_low  c_w.l(btod.o)
    0x08001842   0x08001842   0x00000060   Code   RO         5767    CL$$btod_d2e_norm_op1  c_w.l(btod.o)
    0x080018a2   0x080018a2   0x00000338   Code   RO         5776    CL$$btod_div_common  c_w.l(btod.o)
    0x08001bda   0x08001bda   0x000000dc   Code   RO         5773    CL$$btod_e2e        c_w.l(btod.o)
    0x08001cb6   0x08001cb6   0x0000002a   Code   RO         5770    CL$$btod_ediv       c_w.l(btod.o)
    0x08001ce0   0x08001ce0   0x0000002a   Code   RO         5769    CL$$btod_emul       c_w.l(btod.o)
    0x08001d0a   0x08001d0a   0x00000244   Code   RO         5775    CL$$btod_mult_common  c_w.l(btod.o)
    0x08001f4e   0x08001f4e   0x00000008   Code   RO          497    i.AT24CXX_Init      24cxx.o
    0x08001f56   0x08001f56   0x0000002c   Code   RO          499    i.AT24CXX_ReadLenByte  24cxx.o
    0x08001f82   0x08001f82   0x00000058   Code   RO          500    i.AT24CXX_ReadOneByte  24cxx.o
    0x08001fda   0x08001fda   0x0000002a   Code   RO          502    i.AT24CXX_WriteLenByte  24cxx.o
    0x08002004   0x08002004   0x00000050   Code   RO          503    i.AT24CXX_WriteOneByte  24cxx.o
    0x08002054   0x08002054   0x00000004   Code   RO          228    i.BusFault_Handler  stm32f4xx_it.o
    0x08002058   0x08002058   0x0000000a   Code   RO         1250    i.CT_Delay          ctiic.o
    0x08002062   0x08002062   0x00000002   PAD
    0x08002064   0x08002064   0x00000054   Code   RO         1251    i.CT_IIC_Ack        ctiic.o
    0x080020b8   0x080020b8   0x00000044   Code   RO         1252    i.CT_IIC_Init       ctiic.o
    0x080020fc   0x080020fc   0x00000054   Code   RO         1253    i.CT_IIC_NAck       ctiic.o
    0x08002150   0x08002150   0x0000006c   Code   RO         1254    i.CT_IIC_Read_Byte  ctiic.o
    0x080021bc   0x080021bc   0x00000064   Code   RO         1255    i.CT_IIC_Send_Byte  ctiic.o
    0x08002220   0x08002220   0x0000004c   Code   RO         1256    i.CT_IIC_Start      ctiic.o
    0x0800226c   0x0800226c   0x00000048   Code   RO         1257    i.CT_IIC_Stop       ctiic.o
    0x080022b4   0x080022b4   0x00000060   Code   RO         1258    i.CT_IIC_Wait_Ack   ctiic.o
    0x08002314   0x08002314   0x00000030   Code   RO          911    i.CmdError          sdio_sdcard.o
    0x08002344   0x08002344   0x00000064   Code   RO          912    i.CmdResp1Error     sdio_sdcard.o
    0x080023a8   0x080023a8   0x00000054   Code   RO          913    i.CmdResp2Error     sdio_sdcard.o
    0x080023fc   0x080023fc   0x00000038   Code   RO          914    i.CmdResp3Error     sdio_sdcard.o
    0x08002434   0x08002434   0x00000094   Code   RO          915    i.CmdResp6Error     sdio_sdcard.o
    0x080024c8   0x080024c8   0x0000004c   Code   RO          916    i.CmdResp7Error     sdio_sdcard.o
    0x08002514   0x08002514   0x00000016   Code   RO         1798    i.DMA_Cmd           stm32f4xx_dma.o
    0x0800252a   0x0800252a   0x00000002   PAD
    0x0800252c   0x0800252c   0x00000158   Code   RO         1799    i.DMA_DeInit        stm32f4xx_dma.o
    0x08002684   0x08002684   0x00000016   Code   RO         1802    i.DMA_FlowControllerConfig  stm32f4xx_dma.o
    0x0800269a   0x0800269a   0x00000014   Code   RO         1803    i.DMA_GetCmdStatus  stm32f4xx_dma.o
    0x080026ae   0x080026ae   0x00000002   PAD
    0x080026b0   0x080026b0   0x00000058   Code   RO         1810    i.DMA_Init          stm32f4xx_dma.o
    0x08002708   0x08002708   0x00000002   Code   RO          229    i.DebugMon_Handler  stm32f4xx_it.o
    0x0800270a   0x0800270a   0x00000002   PAD
    0x0800270c   0x0800270c   0x00000034   Code   RO         2005    i.FSMC_NORSRAMCmd   stm32f4xx_fsmc.o
    0x08002740   0x08002740   0x000000e6   Code   RO         2007    i.FSMC_NORSRAMInit  stm32f4xx_fsmc.o
    0x08002826   0x08002826   0x00000002   PAD
    0x08002828   0x08002828   0x000000e8   Code   RO         1325    i.FT5206_Init       ft5206.o
    0x08002910   0x08002910   0x00000058   Code   RO         1326    i.FT5206_RD_Reg     ft5206.o
    0x08002968   0x08002968   0x0000019c   Code   RO         1327    i.FT5206_Scan       ft5206.o
    0x08002b04   0x08002b04   0x00000052   Code   RO         1328    i.FT5206_WR_Reg     ft5206.o
    0x08002b56   0x08002b56   0x00000002   PAD
    0x08002b58   0x08002b58   0x00000194   Code   RO          917    i.FindSCR           sdio_sdcard.o
    0x08002cec   0x08002cec   0x00000090   Code   RO         2130    i.GPIO_Init         stm32f4xx_gpio.o
    0x08002d7c   0x08002d7c   0x00000046   Code   RO         2131    i.GPIO_PinAFConfig  stm32f4xx_gpio.o
    0x08002dc2   0x08002dc2   0x00000012   Code   RO         2134    i.GPIO_ReadInputDataBit  stm32f4xx_gpio.o
    0x08002dd4   0x08002dd4   0x00000004   Code   RO         2138    i.GPIO_SetBits      stm32f4xx_gpio.o
    0x08002dd8   0x08002dd8   0x00000130   Code   RO         1371    i.GT9147_Init       gt9147.o
    0x08002f08   0x08002f08   0x00000062   Code   RO         1372    i.GT9147_RD_Reg     gt9147.o
    0x08002f6a   0x08002f6a   0x00000002   PAD
    0x08002f6c   0x08002f6c   0x00000200   Code   RO         1373    i.GT9147_Scan       gt9147.o
    0x0800316c   0x0800316c   0x0000005c   Code   RO         1374    i.GT9147_Send_Cfg   gt9147.o
    0x080031c8   0x080031c8   0x0000005c   Code   RO         1375    i.GT9147_WR_Reg     gt9147.o
    0x08003224   0x08003224   0x000000e0   Code   RO         4846    i.Get_HzMat         text.o
    0x08003304   0x08003304   0x00000004   Code   RO          230    i.HardFault_Handler  stm32f4xx_it.o
    0x08003308   0x08003308   0x00000050   Code   RO          568    i.IIC_Ack           myiic.o
    0x08003358   0x08003358   0x0000004c   Code   RO          569    i.IIC_Init          myiic.o
    0x080033a4   0x080033a4   0x00000050   Code   RO          570    i.IIC_NAck          myiic.o
    0x080033f4   0x080033f4   0x0000006c   Code   RO          571    i.IIC_Read_Byte     myiic.o
    0x08003460   0x08003460   0x00000068   Code   RO          572    i.IIC_Send_Byte     myiic.o
    0x080034c8   0x080034c8   0x0000004c   Code   RO          573    i.IIC_Start         myiic.o
    0x08003514   0x08003514   0x0000004c   Code   RO          574    i.IIC_Stop          myiic.o
    0x08003560   0x08003560   0x00000060   Code   RO          575    i.IIC_Wait_Ack      myiic.o
    0x080035c0   0x080035c0   0x000000a0   Code   RO          918    i.IsCardProgramming  sdio_sdcard.o
    0x08003660   0x08003660   0x00000044   Code   RO          634    i.KEY_Init          key.o
    0x080036a4   0x080036a4   0x000000c8   Code   RO          635    i.KEY_Scan          key.o
    0x0800376c   0x0800376c   0x0000006c   Code   RO          666    i.LCD_Clear         lcd.o
    0x080037d8   0x080037d8   0x000001c0   Code   RO          670    i.LCD_Display_Dir   lcd.o
    0x08003998   0x08003998   0x000000b0   Code   RO          671    i.LCD_DrawLine      lcd.o
    0x08003a48   0x08003a48   0x00000024   Code   RO          672    i.LCD_DrawPoint     lcd.o
    0x08003a6c   0x08003a6c   0x0000003c   Code   RO          673    i.LCD_DrawRectangle  lcd.o
    0x08003aa8   0x08003aa8   0x00000098   Code   RO          674    i.LCD_Draw_Circle   lcd.o
    0x08003b40   0x08003b40   0x00000180   Code   RO          675    i.LCD_Fast_DrawPoint  lcd.o
    0x08003cc0   0x08003cc0   0x000000b8   Code   RO          676    i.LCD_Fill          lcd.o
    0x08003d78   0x08003d78   0x00003970   Code   RO          677    i.LCD_Init          lcd.o
    0x080076e8   0x080076e8   0x00000016   Code   RO          678    i.LCD_Pow           lcd.o
    0x080076fe   0x080076fe   0x00000002   PAD
    0x08007700   0x08007700   0x00000014   Code   RO          679    i.LCD_RD_DATA       lcd.o
    0x08007714   0x08007714   0x00000016   Code   RO          681    i.LCD_ReadReg       lcd.o
    0x0800772a   0x0800772a   0x00000002   PAD
    0x0800772c   0x0800772c   0x00000060   Code   RO          682    i.LCD_SSD_BackLightSet  lcd.o
    0x0800778c   0x0800778c   0x000002ec   Code   RO          683    i.LCD_Scan_Dir      lcd.o
    0x08007a78   0x08007a78   0x000001a8   Code   RO          684    i.LCD_SetCursor     lcd.o
    0x08007c20   0x08007c20   0x00000128   Code   RO          686    i.LCD_ShowChar      lcd.o
    0x08007d48   0x08007d48   0x00000094   Code   RO          687    i.LCD_ShowNum       lcd.o
    0x08007ddc   0x08007ddc   0x00000066   Code   RO          688    i.LCD_ShowString    lcd.o
    0x08007e42   0x08007e42   0x00000002   PAD
    0x08007e44   0x08007e44   0x00000018   Code   RO          690    i.LCD_WR_DATA       lcd.o
    0x08007e5c   0x08007e5c   0x00000018   Code   RO          691    i.LCD_WR_REG        lcd.o
    0x08007e74   0x08007e74   0x00000014   Code   RO          693    i.LCD_WriteRAM_Prepare  lcd.o
    0x08007e88   0x08007e88   0x00000014   Code   RO          694    i.LCD_WriteReg      lcd.o
    0x08007e9c   0x08007e9c   0x00000040   Code   RO          887    i.LED_Init          led.o
    0x08007edc   0x08007edc   0x00000004   Code   RO          231    i.MemManage_Handler  stm32f4xx_it.o
    0x08007ee0   0x08007ee0   0x00000002   Code   RO          232    i.NMI_Handler       stm32f4xx_it.o
    0x08007ee2   0x08007ee2   0x00000002   PAD
    0x08007ee4   0x08007ee4   0x00000078   Code   RO         1748    i.NVIC_Init         misc.o
    0x08007f5c   0x08007f5c   0x00000014   Code   RO         1749    i.NVIC_PriorityGroupConfig  misc.o
    0x08007f70   0x08007f70   0x000000ac   Code   RO         1423    i.OTT2001A_Init     ott2001a.o
    0x0800801c   0x0800801c   0x00000062   Code   RO         1424    i.OTT2001A_RD_Reg   ott2001a.o
    0x0800807e   0x0800807e   0x00000002   PAD
    0x08008080   0x08008080   0x00000204   Code   RO         1425    i.OTT2001A_Scan     ott2001a.o
    0x08008284   0x08008284   0x0000001c   Code   RO         1426    i.OTT2001A_SensorControl  ott2001a.o
    0x080082a0   0x080082a0   0x0000005c   Code   RO         1427    i.OTT2001A_WR_Reg   ott2001a.o
    0x080082fc   0x080082fc   0x00000002   Code   RO          233    i.PendSV_Handler    stm32f4xx_it.o
    0x080082fe   0x080082fe   0x00000002   PAD
    0x08008300   0x08008300   0x00000020   Code   RO         2231    i.RCC_AHB1PeriphClockCmd  stm32f4xx_rcc.o
    0x08008320   0x08008320   0x00000020   Code   RO         2237    i.RCC_AHB3PeriphClockCmd  stm32f4xx_rcc.o
    0x08008340   0x08008340   0x00000020   Code   RO         2240    i.RCC_APB1PeriphClockCmd  stm32f4xx_rcc.o
    0x08008360   0x08008360   0x00000020   Code   RO         2242    i.RCC_APB1PeriphResetCmd  stm32f4xx_rcc.o
    0x08008380   0x08008380   0x00000020   Code   RO         2243    i.RCC_APB2PeriphClockCmd  stm32f4xx_rcc.o
    0x080083a0   0x080083a0   0x00000020   Code   RO         2245    i.RCC_APB2PeriphResetCmd  stm32f4xx_rcc.o
    0x080083c0   0x080083c0   0x000000e8   Code   RO         2252    i.RCC_GetClocksFreq  stm32f4xx_rcc.o
    0x080084a8   0x080084a8   0x000000ac   Code   RO          919    i.SDEnWideBus       sdio_sdcard.o
    0x08008554   0x08008554   0x0000000c   Code   RO         2928    i.SDIO_ClearFlag    stm32f4xx_sdio.o
    0x08008560   0x08008560   0x00000014   Code   RO          920    i.SDIO_Clock_Set    sdio_sdcard.o
    0x08008574   0x08008574   0x00000034   Code   RO         2934    i.SDIO_DataConfig   stm32f4xx_sdio.o
    0x080085a8   0x080085a8   0x00000018   Code   RO         2940    i.SDIO_GetFlagStatus  stm32f4xx_sdio.o
    0x080085c0   0x080085c0   0x00000010   Code   RO         2942    i.SDIO_GetPowerState  stm32f4xx_sdio.o
    0x080085d0   0x080085d0   0x00000008   Code   RO          921    i.SDIO_IRQHandler   sdio_sdcard.o
    0x080085d8   0x080085d8   0x00000030   Code   RO         2945    i.SDIO_Init         stm32f4xx_sdio.o
    0x08008608   0x08008608   0x00000038   Code   RO          922    i.SDIO_Register_Deinit  sdio_sdcard.o
    0x08008640   0x08008640   0x0000002c   Code   RO         2948    i.SDIO_SendCommand  stm32f4xx_sdio.o
    0x0800866c   0x0800866c   0x0000000c   Code   RO         2950    i.SDIO_SetPowerState  stm32f4xx_sdio.o
    0x08008678   0x08008678   0x00000080   Code   RO          923    i.SD_DMA_Config     sdio_sdcard.o
    0x080086f8   0x080086f8   0x00000068   Code   RO          924    i.SD_EnableWideBusOperation  sdio_sdcard.o
    0x08008760   0x08008760   0x00000314   Code   RO          925    i.SD_GetCardInfo    sdio_sdcard.o
    0x08008a74   0x08008a74   0x00000118   Code   RO          927    i.SD_Init           sdio_sdcard.o
    0x08008b8c   0x08008b8c   0x00000164   Code   RO          928    i.SD_InitializeCards  sdio_sdcard.o
    0x08008cf0   0x08008cf0   0x000001e4   Code   RO          930    i.SD_PowerON        sdio_sdcard.o
    0x08008ed4   0x08008ed4   0x00000154   Code   RO          931    i.SD_ProcessIRQSrc  sdio_sdcard.o
    0x08009028   0x08009028   0x00000268   Code   RO          932    i.SD_ReadBlock      sdio_sdcard.o
    0x08009290   0x08009290   0x000000a0   Code   RO          933    i.SD_ReadDisk       sdio_sdcard.o
    0x08009330   0x08009330   0x000002f4   Code   RO          934    i.SD_ReadMultiBlocks  sdio_sdcard.o
    0x08009624   0x08009624   0x00000030   Code   RO          935    i.SD_SelectDeselect  sdio_sdcard.o
    0x08009654   0x08009654   0x00000018   Code   RO          937    i.SD_SetDeviceMode  sdio_sdcard.o
    0x0800966c   0x0800966c   0x00000388   Code   RO          938    i.SD_WriteBlock     sdio_sdcard.o
    0x080099f4   0x080099f4   0x000000a0   Code   RO          939    i.SD_WriteDisk      sdio_sdcard.o
    0x08009a94   0x08009a94   0x000003d0   Code   RO          940    i.SD_WriteMultiBlocks  sdio_sdcard.o
    0x08009e64   0x08009e64   0x000000c4   Code   RO         1129    i.SPI1_Init         spi.o
    0x08009f28   0x08009f28   0x00000038   Code   RO         1130    i.SPI1_ReadWriteByte  spi.o
    0x08009f60   0x08009f60   0x00000028   Code   RO         1131    i.SPI1_SetSpeed     spi.o
    0x08009f88   0x08009f88   0x00000018   Code   RO         3131    i.SPI_Cmd           stm32f4xx_spi.o
    0x08009fa0   0x08009fa0   0x00000012   Code   RO         3139    i.SPI_I2S_GetFlagStatus  stm32f4xx_spi.o
    0x08009fb2   0x08009fb2   0x00000006   Code   RO         3142    i.SPI_I2S_ReceiveData  stm32f4xx_spi.o
    0x08009fb8   0x08009fb8   0x00000004   Code   RO         3143    i.SPI_I2S_SendData  stm32f4xx_spi.o
    0x08009fbc   0x08009fbc   0x0000003c   Code   RO         3144    i.SPI_Init          stm32f4xx_spi.o
    0x08009ff8   0x08009ff8   0x00000002   Code   RO          234    i.SVC_Handler       stm32f4xx_it.o
    0x08009ffa   0x08009ffa   0x00000002   PAD
    0x08009ffc   0x08009ffc   0x000000ec   Code   RO          329    i.SetSysClock       system_stm32f4xx.o
    0x0800a0e8   0x0800a0e8   0x000000c8   Code   RO         4847    i.Show_Font         text.o
    0x0800a1b0   0x0800a1b0   0x000000c2   Code   RO         4848    i.Show_Str          text.o
    0x0800a272   0x0800a272   0x00000002   PAD
    0x0800a274   0x0800a274   0x00000070   Code   RO         4849    i.Show_Str_Mid      text.o
    0x0800a2e4   0x0800a2e4   0x00000028   Code   RO         1752    i.SysTick_CLKSourceConfig  misc.o
    0x0800a30c   0x0800a30c   0x00000002   Code   RO          235    i.SysTick_Handler   stm32f4xx_it.o
    0x0800a30e   0x0800a30e   0x00000002   PAD
    0x0800a310   0x0800a310   0x00000068   Code   RO          331    i.SystemInit        system_stm32f4xx.o
    0x0800a378   0x0800a378   0x00000038   Code   RO         5318    i.TIM4_IRQHandler   usmart.o
    0x0800a3b0   0x0800a3b0   0x00000034   Code   RO         1216    i.TIM7_IRQHandler   timer.o
    0x0800a3e4   0x0800a3e4   0x00000054   Code   RO         1217    i.TIM7_Int_Init     timer.o
    0x0800a438   0x0800a438   0x00000006   Code   RO         3363    i.TIM_ClearFlag     stm32f4xx_tim.o
    0x0800a43e   0x0800a43e   0x00000006   Code   RO         3364    i.TIM_ClearITPendingBit  stm32f4xx_tim.o
    0x0800a444   0x0800a444   0x00000018   Code   RO         3369    i.TIM_Cmd           stm32f4xx_tim.o
    0x0800a45c   0x0800a45c   0x00000006   Code   RO         3388    i.TIM_GetCounter    stm32f4xx_tim.o
    0x0800a462   0x0800a462   0x00000012   Code   RO         3389    i.TIM_GetFlagStatus  stm32f4xx_tim.o
    0x0800a474   0x0800a474   0x00000022   Code   RO         3390    i.TIM_GetITStatus   stm32f4xx_tim.o
    0x0800a496   0x0800a496   0x00000012   Code   RO         3394    i.TIM_ITConfig      stm32f4xx_tim.o
    0x0800a4a8   0x0800a4a8   0x00000004   Code   RO         3429    i.TIM_SetAutoreload  stm32f4xx_tim.o
    0x0800a4ac   0x0800a4ac   0x00000004   Code   RO         3435    i.TIM_SetCounter    stm32f4xx_tim.o
    0x0800a4b0   0x0800a4b0   0x00000084   Code   RO         3441    i.TIM_TimeBaseInit  stm32f4xx_tim.o
    0x0800a534   0x0800a534   0x000001a8   Code   RO         1475    i.TP_Adj_Info_Show  touch.o
    0x0800a6dc   0x0800a6dc   0x00000900   Code   RO         1476    i.TP_Adjust         touch.o
    0x0800afdc   0x0800afdc   0x00000070   Code   RO         1478    i.TP_Drow_Touch_Point  touch.o
    0x0800b04c   0x0800b04c   0x000000b0   Code   RO         1479    i.TP_Get_Adjdata    touch.o
    0x0800b0fc   0x0800b0fc   0x00000144   Code   RO         1480    i.TP_Init           touch.o
    0x0800b240   0x0800b240   0x00000094   Code   RO         1481    i.TP_Read_AD        touch.o
    0x0800b2d4   0x0800b2d4   0x00000078   Code   RO         1482    i.TP_Read_XOY       touch.o
    0x0800b34c   0x0800b34c   0x00000030   Code   RO         1483    i.TP_Read_XY        touch.o
    0x0800b37c   0x0800b37c   0x000000c0   Code   RO         1484    i.TP_Read_XY2       touch.o
    0x0800b43c   0x0800b43c   0x00000080   Code   RO         1485    i.TP_Save_Adjdata   touch.o
    0x0800b4bc   0x0800b4bc   0x000000fc   Code   RO         1486    i.TP_Scan           touch.o
    0x0800b5b8   0x0800b5b8   0x0000004c   Code   RO         1487    i.TP_Write_Byte     touch.o
    0x0800b604   0x0800b604   0x0000005c   Code   RO         5319    i.Timer4_Init       usmart.o
    0x0800b660   0x0800b660   0x00000088   Code   RO          443    i.USART1_IRQHandler  usart.o
    0x0800b6e8   0x0800b6e8   0x00000070   Code   RO         1583    i.USART3_IRQHandler  usart3.o
    0x0800b758   0x0800b758   0x00000012   Code   RO         3919    i.USART_ClearFlag   stm32f4xx_usart.o
    0x0800b76a   0x0800b76a   0x00000018   Code   RO         3923    i.USART_Cmd         stm32f4xx_usart.o
    0x0800b782   0x0800b782   0x00000002   PAD
    0x0800b784   0x0800b784   0x000000f0   Code   RO         3925    i.USART_DeInit      stm32f4xx_usart.o
    0x0800b874   0x0800b874   0x0000001a   Code   RO         3926    i.USART_GetFlagStatus  stm32f4xx_usart.o
    0x0800b88e   0x0800b88e   0x00000054   Code   RO         3927    i.USART_GetITStatus  stm32f4xx_usart.o
    0x0800b8e2   0x0800b8e2   0x0000004a   Code   RO         3929    i.USART_ITConfig    stm32f4xx_usart.o
    0x0800b92c   0x0800b92c   0x000000d4   Code   RO         3930    i.USART_Init        stm32f4xx_usart.o
    0x0800ba00   0x0800ba00   0x0000000a   Code   RO         3937    i.USART_ReceiveData  stm32f4xx_usart.o
    0x0800ba0a   0x0800ba0a   0x00000008   Code   RO         3940    i.USART_SendData    stm32f4xx_usart.o
    0x0800ba12   0x0800ba12   0x00000004   Code   RO          236    i.UsageFault_Handler  stm32f4xx_it.o
    0x0800ba16   0x0800ba16   0x00000002   PAD
    0x0800ba18   0x0800ba18   0x00000058   Code   RO         1634    i.W25QXX_Erase_Sector  w25qxx.o
    0x0800ba70   0x0800ba70   0x00000078   Code   RO         1635    i.W25QXX_Init       w25qxx.o
    0x0800bae8   0x0800bae8   0x00000050   Code   RO         1637    i.W25QXX_Read       w25qxx.o
    0x0800bb38   0x0800bb38   0x00000048   Code   RO         1638    i.W25QXX_ReadID     w25qxx.o
    0x0800bb80   0x0800bb80   0x0000002c   Code   RO         1639    i.W25QXX_ReadSR     w25qxx.o
    0x0800bbac   0x0800bbac   0x00000012   Code   RO         1641    i.W25QXX_Wait_Busy  w25qxx.o
    0x0800bbbe   0x0800bbbe   0x00000002   PAD
    0x0800bbc0   0x0800bbc0   0x000000b8   Code   RO         1642    i.W25QXX_Write      w25qxx.o
    0x0800bc78   0x0800bc78   0x00000020   Code   RO         1644    i.W25QXX_Write_Enable  w25qxx.o
    0x0800bc98   0x0800bc98   0x00000046   Code   RO         1645    i.W25QXX_Write_NoCheck  w25qxx.o
    0x0800bcde   0x0800bcde   0x00000002   PAD
    0x0800bce0   0x0800bce0   0x00000054   Code   RO         1646    i.W25QXX_Write_Page  w25qxx.o
    0x0800bd34   0x0800bd34   0x00000030   Code   RO         5801    i.__ARM_fpclassify  m_wm.l(fpclassify.o)
    0x0800bd64   0x0800bd64   0x0000007a   Code   RO         5623    i.__hardfp_sqrt     m_wm.l(sqrt.o)
    0x0800bdde   0x0800bdde   0x0000000e   Code   RO         5567    i._is_digit         c_w.l(__printf_wp.o)
    0x0800bdec   0x0800bdec   0x00000004   Code   RO          444    i._sys_exit         usart.o
    0x0800bdf0   0x0800bdf0   0x000008a4   Code   RO         4942    i.atk_8266_apsta_test  apsta.o
    0x0800c694   0x0800c694   0x0000003c   Code   RO         4967    i.atk_8266_at_response  common.o
    0x0800c6d0   0x0800c6d0   0x00000034   Code   RO         4968    i.atk_8266_check_cmd  common.o
    0x0800c704   0x0800c704   0x00000044   Code   RO         4969    i.atk_8266_consta_check  common.o
    0x0800c748   0x0800c748   0x0000014c   Code   RO         4970    i.atk_8266_get_ip   common.o
    0x0800c894   0x0800c894   0x000000f0   Code   RO         4971    i.atk_8266_get_keynum  common.o
    0x0800c984   0x0800c984   0x00000054   Code   RO         4972    i.atk_8266_get_wanip  common.o
    0x0800c9d8   0x0800c9d8   0x000001ac   Code   RO         4973    i.atk_8266_ip_set   common.o
    0x0800cb84   0x0800cb84   0x0000012c   Code   RO         4974    i.atk_8266_key_staset  common.o
    0x0800ccb0   0x0800ccb0   0x00000124   Code   RO         4975    i.atk_8266_load_keyboard  common.o
    0x0800cdd4   0x0800cdd4   0x00000284   Code   RO         4976    i.atk_8266_mode_cofig  common.o
    0x0800d058   0x0800d058   0x00000354   Code   RO         4977    i.atk_8266_msg_show  common.o
    0x0800d3ac   0x0800d3ac   0x00000104   Code   RO         4978    i.atk_8266_mtest_ui  common.o
    0x0800d4b0   0x0800d4b0   0x00000268   Code   RO         4979    i.atk_8266_netpro_sel  common.o
    0x0800d718   0x0800d718   0x00000070   Code   RO         4980    i.atk_8266_quit_trans  common.o
    0x0800d788   0x0800d788   0x00000074   Code   RO         4981    i.atk_8266_send_cmd  common.o
    0x0800d7fc   0x0800d7fc   0x0000005c   Code   RO         4982    i.atk_8266_send_data  common.o
    0x0800d858   0x0800d858   0x00000210   Code   RO         4983    i.atk_8266_test     common.o
    0x0800da68   0x0800da68   0x000007ec   Code   RO         5267    i.atk_8266_wifiap_test  wifiap.o
    0x0800e254   0x0800e254   0x00000108   Code   RO         4984    i.atk_8266_wificonf_show  common.o
    0x0800e35c   0x0800e35c   0x00000890   Code   RO         5291    i.atk_8266_wifista_test  wifista.o
    0x0800ebec   0x0800ebec   0x00000090   Code   RO         4192    i.check_fs          ff.o
    0x0800ec7c   0x0800ec7c   0x00000014   Code   RO         4193    i.chk_chr           ff.o
    0x0800ec90   0x0800ec90   0x00000032   Code   RO         4194    i.clmt_clust        ff.o
    0x0800ecc2   0x0800ecc2   0x0000001a   Code   RO         4195    i.clust2sect        ff.o
    0x0800ecdc   0x0800ecdc   0x00000090   Code   RO         4196    i.cmp_lfn           ff.o
    0x0800ed6c   0x0800ed6c   0x00000012   Code   RO          941    i.convert_from_bytes_to_power_of_two  sdio_sdcard.o
    0x0800ed7e   0x0800ed7e   0x000000d6   Code   RO         4197    i.create_chain      ff.o
    0x0800ee54   0x0800ee54   0x00000270   Code   RO         4198    i.create_name       ff.o
    0x0800f0c4   0x0800f0c4   0x0000003c   Code   RO          377    i.delay_init        delay.o
    0x0800f100   0x0800f100   0x00000038   Code   RO          378    i.delay_ms          delay.o
    0x0800f138   0x0800f138   0x0000004c   Code   RO          379    i.delay_us          delay.o
    0x0800f184   0x0800f184   0x0000004c   Code   RO          380    i.delay_xms         delay.o
    0x0800f1d0   0x0800f1d0   0x0000005c   Code   RO         4199    i.dir_alloc         ff.o
    0x0800f22c   0x0800f22c   0x000000de   Code   RO         4200    i.dir_find          ff.o
    0x0800f30a   0x0800f30a   0x00000110   Code   RO         4201    i.dir_next          ff.o
    0x0800f41a   0x0800f41a   0x0000012a   Code   RO         4203    i.dir_register      ff.o
    0x0800f544   0x0800f544   0x0000009e   Code   RO         4205    i.dir_sdi           ff.o
    0x0800f5e2   0x0800f5e2   0x00000002   PAD
    0x0800f5e4   0x0800f5e4   0x00000038   Code   RO         4539    i.disk_initialize   diskio.o
    0x0800f61c   0x0800f61c   0x000000b4   Code   RO         4540    i.disk_ioctl        diskio.o
    0x0800f6d0   0x0800f6d0   0x00000062   Code   RO         4541    i.disk_read         diskio.o
    0x0800f732   0x0800f732   0x00000006   Code   RO         4542    i.disk_status       diskio.o
    0x0800f738   0x0800f738   0x00000062   Code   RO         4543    i.disk_write        diskio.o
    0x0800f79a   0x0800f79a   0x00000002   PAD
    0x0800f79c   0x0800f79c   0x00000080   Code   RO         4610    i.exfuns_init       exfuns.o
    0x0800f81c   0x0800f81c   0x00000020   Code   RO         4207    i.f_close           ff.o
    0x0800f83c   0x0800f83c   0x0000005c   Code   RO         4215    i.f_mount           ff.o
    0x0800f898   0x0800f898   0x00000180   Code   RO         4216    i.f_open            ff.o
    0x0800fa18   0x0800fa18   0x000001b0   Code   RO         4221    i.f_read            ff.o
    0x0800fbc8   0x0800fbc8   0x000000b0   Code   RO         4226    i.f_sync            ff.o
    0x0800fc78   0x0800fc78   0x00000098   Code   RO         4815    i.ff_convert        mycc936.o
    0x0800fd10   0x0800fd10   0x0000000e   Code   RO         4544    i.ff_memalloc       diskio.o
    0x0800fd1e   0x0800fd1e   0x0000000e   Code   RO         4545    i.ff_memfree        diskio.o
    0x0800fd2c   0x0800fd2c   0x00000038   Code   RO         4816    i.ff_wtoupper       mycc936.o
    0x0800fd64   0x0800fd64   0x00000388   Code   RO         4231    i.find_volume       ff.o
    0x080100ec   0x080100ec   0x00000080   Code   RO         4232    i.fit_lfn           ff.o
    0x0801016c   0x0801016c   0x00000090   Code   RO         4233    i.follow_path       ff.o
    0x080101fc   0x080101fc   0x00000044   Code   RO         4891    i.font_init         fontupd.o
    0x08010240   0x08010240   0x0000001c   Code   RO          445    i.fputc             usart.o
    0x0801025c   0x0801025c   0x0000009c   Code   RO         4892    i.fupd_prog         fontupd.o
    0x080102f8   0x080102f8   0x000000c8   Code   RO         4234    i.gen_numname       ff.o
    0x080103c0   0x080103c0   0x000000e8   Code   RO         4235    i.get_fat           ff.o
    0x080104a8   0x080104a8   0x00000004   Code   RO         4546    i.get_fattime       diskio.o
    0x080104ac   0x080104ac   0x0000004a   Code   RO         4237    i.get_ldnumber      ff.o
    0x080104f6   0x080104f6   0x00000020   Code   RO         4238    i.ld_clust          ff.o
    0x08010516   0x08010516   0x00000002   PAD
    0x08010518   0x08010518   0x00000218   Code   RO            4    i.main              main.o
    0x08010730   0x08010730   0x00000026   Code   RO         4239    i.mem_cmp           ff.o
    0x08010756   0x08010756   0x0000001a   Code   RO         4240    i.mem_cpy           ff.o
    0x08010770   0x08010770   0x00000014   Code   RO         4241    i.mem_set           ff.o
    0x08010784   0x08010784   0x00000032   Code   RO         4242    i.move_window       ff.o
    0x080107b6   0x080107b6   0x00000002   PAD
    0x080107b8   0x080107b8   0x0000006c   Code   RO         4111    i.my_mem_free       malloc.o
    0x08010824   0x08010824   0x00000044   Code   RO         4112    i.my_mem_init       malloc.o
    0x08010868   0x08010868   0x000000a8   Code   RO         4113    i.my_mem_malloc     malloc.o
    0x08010910   0x08010910   0x00000040   Code   RO         4114    i.my_mem_perused    malloc.o
    0x08010950   0x08010950   0x00000024   Code   RO         4115    i.myfree            malloc.o
    0x08010974   0x08010974   0x00000028   Code   RO         4116    i.mymalloc          malloc.o
    0x0801099c   0x0801099c   0x00000014   Code   RO         4118    i.mymemset          malloc.o
    0x080109b0   0x080109b0   0x00000136   Code   RO         4244    i.put_fat           ff.o
    0x08010ae6   0x08010ae6   0x00000006   Code   RO         5320    i.read_addr         usmart.o
    0x08010aec   0x08010aec   0x0000006c   Code   RO         4246    i.remove_chain      ff.o
    0x08010b58   0x08010b58   0x00000010   Code   RO         4247    i.st_clust          ff.o
    0x08010b68   0x08010b68   0x00000020   Code   RO         4248    i.sum_sfn           ff.o
    0x08010b88   0x08010b88   0x000000c8   Code   RO         4249    i.sync_fs           ff.o
    0x08010c50   0x08010c50   0x0000004c   Code   RO         4250    i.sync_window       ff.o
    0x08010c9c   0x08010c9c   0x00000050   Code   RO         1584    i.u3_printf         usart3.o
    0x08010cec   0x08010cec   0x000000b4   Code   RO          446    i.uart_init         usart.o
    0x08010da0   0x08010da0   0x00000164   Code   RO         4893    i.updata_fontx      fontupd.o
    0x08010f04   0x08010f04   0x00000394   Code   RO         4894    i.update_font       fontupd.o
    0x08011298   0x08011298   0x000000d8   Code   RO         1585    i.usart3_init       usart3.o
    0x08011370   0x08011370   0x000000b0   Code   RO         5321    i.usmart_cmd_rec    usmart.o
    0x08011420   0x08011420   0x000002d4   Code   RO         5322    i.usmart_exe        usmart.o
    0x080116f4   0x080116f4   0x000000c8   Code   RO         5431    i.usmart_get_aparm  usmart_str.o
    0x080117bc   0x080117bc   0x00000036   Code   RO         5432    i.usmart_get_cmdname  usmart_str.o
    0x080117f2   0x080117f2   0x00000002   PAD
    0x080117f4   0x080117f4   0x000001c0   Code   RO         5433    i.usmart_get_fname  usmart_str.o
    0x080119b4   0x080119b4   0x0000010c   Code   RO         5434    i.usmart_get_fparam  usmart_str.o
    0x08011ac0   0x08011ac0   0x00000020   Code   RO         5435    i.usmart_get_parmpos  usmart_str.o
    0x08011ae0   0x08011ae0   0x00000044   Code   RO         5323    i.usmart_get_runtime  usmart.o
    0x08011b24   0x08011b24   0x00000028   Code   RO         5324    i.usmart_init       usmart.o
    0x08011b4c   0x08011b4c   0x00000016   Code   RO         5436    i.usmart_pow        usmart_str.o
    0x08011b62   0x08011b62   0x00000002   PAD
    0x08011b64   0x08011b64   0x00000030   Code   RO         5325    i.usmart_reset_runtime  usmart.o
    0x08011b94   0x08011b94   0x000000bc   Code   RO         5326    i.usmart_scan       usmart.o
    0x08011c50   0x08011c50   0x00000016   Code   RO         5437    i.usmart_search_nextc  usmart_str.o
    0x08011c66   0x08011c66   0x000000ca   Code   RO         5438    i.usmart_str2num    usmart_str.o
    0x08011d30   0x08011d30   0x00000022   Code   RO         5439    i.usmart_strcmp     usmart_str.o
    0x08011d52   0x08011d52   0x00000016   Code   RO         5440    i.usmart_strcopy    usmart_str.o
    0x08011d68   0x08011d68   0x00000018   Code   RO         5441    i.usmart_strlen     usmart_str.o
    0x08011d80   0x08011d80   0x000006e4   Code   RO         5327    i.usmart_sys_cmd_exe  usmart.o
    0x08012464   0x08012464   0x00000036   Code   RO         4251    i.validate          ff.o
    0x0801249a   0x0801249a   0x00000004   Code   RO         5328    i.write_addr        usmart.o
    0x0801249e   0x0801249e   0x00000002   PAD
    0x080124a0   0x080124a0   0x0000002c   Code   RO         5789    locale$$code        c_w.l(lc_numeric_c.o)
    0x080124cc   0x080124cc   0x0000002c   Code   RO         5806    locale$$code        c_w.l(lc_ctype_c.o)
    0x080124f8   0x080124f8   0x00000150   Code   RO         5599    x$fpl$dadd          fz_wm.l(daddsub_clz.o)
    0x08012648   0x08012648   0x00000018   Code   RO         5687    x$fpl$dcmpinf       fz_wm.l(dcmpi.o)
    0x08012660   0x08012660   0x0000005a   Code   RO         5605    x$fpl$dfixu         fz_wm.l(dfixu.o)
    0x080126ba   0x080126ba   0x0000002e   Code   RO         5610    x$fpl$dflt          fz_wm.l(dflt_clz.o)
    0x080126e8   0x080126e8   0x00000026   Code   RO         5609    x$fpl$dfltu         fz_wm.l(dflt_clz.o)
    0x0801270e   0x0801270e   0x00000002   PAD
    0x08012710   0x08012710   0x00000078   Code   RO         5615    x$fpl$dleqf         fz_wm.l(dleqf.o)
    0x08012788   0x08012788   0x00000154   Code   RO         5617    x$fpl$dmul          fz_wm.l(dmul.o)
    0x080128dc   0x080128dc   0x0000009c   Code   RO         5689    x$fpl$dnaninf       fz_wm.l(dnaninf.o)
    0x08012978   0x08012978   0x0000000c   Code   RO         5691    x$fpl$dretinf       fz_wm.l(dretinf.o)
    0x08012984   0x08012984   0x0000006c   Code   RO         5619    x$fpl$drleqf        fz_wm.l(drleqf.o)
    0x080129f0   0x080129f0   0x00000016   Code   RO         5600    x$fpl$drsb          fz_wm.l(daddsub_clz.o)
    0x08012a06   0x08012a06   0x00000002   PAD
    0x08012a08   0x08012a08   0x00000198   Code   RO         5693    x$fpl$dsqrt         fz_wm.l(dsqrt_umaal.o)
    0x08012ba0   0x08012ba0   0x000001d4   Code   RO         5601    x$fpl$dsub          fz_wm.l(daddsub_clz.o)
    0x08012d74   0x08012d74   0x00000056   Code   RO         5621    x$fpl$f2d           fz_wm.l(f2d.o)
    0x08012dca   0x08012dca   0x0000008c   Code   RO         5695    x$fpl$fnaninf       fz_wm.l(fnaninf.o)
    0x08012e56   0x08012e56   0x0000000a   Code   RO         5872    x$fpl$fpinit        fz_wm.l(fpinit.o)
    0x08012e60   0x08012e60   0x00000004   Code   RO         5697    x$fpl$printf1       fz_wm.l(printf1.o)
    0x08012e64   0x08012e64   0x00000004   Code   RO         5699    x$fpl$printf2       fz_wm.l(printf2.o)
    0x08012e68   0x08012e68   0x00000000   Code   RO         5705    x$fpl$usenofp       fz_wm.l(usenofp.o)
    0x08012e68   0x08012e68   0x000017c0   Data   RO          697    .constdata          lcd.o
    0x08014628   0x08014628   0x0000000a   Data   RO         1329    .constdata          ft5206.o
    0x08014632   0x08014632   0x000000c2   Data   RO         1376    .constdata          gt9147.o
    0x080146f4   0x080146f4   0x0000000a   Data   RO         1428    .constdata          ott2001a.o
    0x080146fe   0x080146fe   0x00000002   PAD
    0x08014700   0x08014700   0x00000004   Data   RO         1488    .constdata          touch.o
    0x08014704   0x08014704   0x00000024   Data   RO         4125    .constdata          malloc.o
    0x08014728   0x08014728   0x0000003a   Data   RO         4252    .constdata          ff.o
    0x08014762   0x08014762   0x000003c0   Data   RO         4817    .constdata          mycc936.o
    0x08014b22   0x08014b22   0x00000002   PAD
    0x08014b24   0x08014b24   0x00000010   Data   RO         4896    .constdata          fontupd.o
    0x08014b34   0x08014b34   0x00000028   Data   RO         5555    .constdata          c_w.l(_printf_hex_int_ll_ptr.o)
    0x08014b5c   0x08014b5c   0x00000011   Data   RO         5575    .constdata          c_w.l(__printf_flags_ss_wp.o)
    0x08014b6d   0x08014b6d   0x00000003   PAD
    0x08014b70   0x08014b70   0x00000008   Data   RO         5657    .constdata          c_w.l(_printf_wctomb.o)
    0x08014b78   0x08014b78   0x00000026   Data   RO         5735    .constdata          c_w.l(_printf_fp_hex.o)
    0x08014b9e   0x08014b9e   0x00000002   PAD
    0x08014ba0   0x08014ba0   0x00000094   Data   RO         5764    .constdata          c_w.l(bigflt0.o)
    0x08014c34   0x08014c34   0x00000079   Data   RO         1489    .conststring        touch.o
    0x08014cad   0x08014cad   0x00000003   PAD
    0x08014cb0   0x08014cb0   0x00000060   Data   RO         4613    .conststring        exfuns.o
    0x08014d10   0x08014d10   0x0000005f   Data   RO         4897    .conststring        fontupd.o
    0x08014d6f   0x08014d6f   0x00000001   PAD
    0x08014d70   0x08014d70   0x000000ea   Data   RO         4985    .conststring        common.o
    0x08014e5a   0x08014e5a   0x00000002   PAD
    0x08014e5c   0x08014e5c   0x00000028   Data   RO         5329    .conststring        usmart.o
    0x08014e84   0x08014e84   0x00000090   Data   RO         5406    .conststring        usmart_config.o
    0x08014f14   0x08014f14   0x00000020   Data   RO         5930    Region$$Table       anon$$obj.o
    0x08014f34   0x08014f34   0x0000001c   Data   RO         5788    locale$$data        c_w.l(lc_numeric_c.o)
    0x08014f50   0x08014f50   0x00000110   Data   RO         5805    locale$$data        c_w.l(lc_ctype_c.o)


    Execution Region RW_IRAM1 (Exec base: 0x20000000, Load base: 0x08015060, Size: 0x0001ca08, Max: 0x00020000, ABSOLUTE, COMPRESSED[0x0000013c])

    Exec Addr    Load Addr    Size         Type   Attr      Idx    E Section Name        Object

    0x20000000   COMPRESSED   0x00000004   Data   RW          381    .data               delay.o
    0x20000004   COMPRESSED   0x00000006   Data   RW          448    .data               usart.o
    0x2000000a   COMPRESSED   0x00000001   Data   RW          636    .data               key.o
    0x2000000b   COMPRESSED   0x00000001   PAD
    0x2000000c   COMPRESSED   0x00000004   Data   RW          698    .data               lcd.o
    0x20000010   COMPRESSED   0x00000010   Data   RW          943    .data               sdio_sdcard.o
    0x20000020   COMPRESSED   0x00000001   Data   RW         1330    .data               ft5206.o
    0x20000021   COMPRESSED   0x00000001   Data   RW         1377    .data               gt9147.o
    0x20000022   COMPRESSED   0x00000001   Data   RW         1429    .data               ott2001a.o
    0x20000023   COMPRESSED   0x00000001   PAD
    0x20000024   COMPRESSED   0x00000036   Data   RW         1490    .data               touch.o
    0x2000005a   COMPRESSED   0x00000002   Data   RW         1587    .data               usart3.o
    0x2000005c   COMPRESSED   0x00000002   Data   RW         1649    .data               w25qxx.o
    0x2000005e   COMPRESSED   0x00000010   Data   RW         2284    .data               stm32f4xx_rcc.o
    0x2000006e   COMPRESSED   0x00000002   PAD
    0x20000070   COMPRESSED   0x00000024   Data   RW         4126    .data               malloc.o
    0x20000094   COMPRESSED   0x0000000a   Data   RW         4253    .data               ff.o
    0x2000009e   COMPRESSED   0x00000002   Data   RW         4547    .data               diskio.o
    0x200000a0   COMPRESSED   0x00000154   Data   RW         4614    .data               exfuns.o
    0x200001f4   COMPRESSED   0x00000085   Data   RW         4986    .data               common.o
    0x20000279   COMPRESSED   0x00000001   Data   RW         5292    .data               wifista.o
    0x2000027a   COMPRESSED   0x00000002   PAD
    0x2000027c   COMPRESSED   0x0000001c   Data   RW         5330    .data               usmart.o
    0x20000298   COMPRESSED   0x00000114   Data   RW         5407    .data               usmart_config.o
    0x200003ac        -       0x000000c8   Zero   RW          447    .bss                usart.o
    0x20000474        -       0x0000000e   Zero   RW          696    .bss                lcd.o
    0x20000482   COMPRESSED   0x00000006   PAD
    0x20000488        -       0x000002c0   Zero   RW          942    .bss                sdio_sdcard.o
    0x20000748        -       0x00000320   Zero   RW         1586    .bss                usart3.o
    0x20000a68        -       0x00001000   Zero   RW         1648    .bss                w25qxx.o
    0x20001a68   COMPRESSED   0x00000018   PAD
    0x20001a80        -       0x0001a900   Zero   RW         4124    .bss                malloc.o
    0x2001c380        -       0x00000021   Zero   RW         4895    .bss                fontupd.o
    0x2001c3a1   COMPRESSED   0x00000003   PAD
    0x2001c3a4        -       0x00000060   Zero   RW         5748    .bss                c_w.l(libspace.o)
    0x2001c404   COMPRESSED   0x00000004   PAD
    0x2001c408        -       0x00000200   Zero   RW          368    HEAP                startup_stm32f40_41xxx.o
    0x2001c608        -       0x00000400   Zero   RW          367    STACK               startup_stm32f40_41xxx.o



  Load Region LR$$.ARM.__AT_0x10000000 (Base: 0x10000000, Size: 0x00000000, Max: 0x0000f000, ABSOLUTE)

    Execution Region ER$$.ARM.__AT_0x10000000 (Exec base: 0x10000000, Load base: 0x10000000, Size: 0x0000f000, Max: 0x0000f000, ABSOLUTE, UNINIT)

    Exec Addr    Load Addr    Size         Type   Attr      Idx    E Section Name        Object

    0x10000000        -       0x0000f000   Zero   RW         4120    .ARM.__AT_0x10000000  malloc.o



  Load Region LR$$.ARM.__AT_0x1000F000 (Base: 0x1000f000, Size: 0x00000000, Max: 0x00000f00, ABSOLUTE)

    Execution Region ER$$.ARM.__AT_0x1000F000 (Exec base: 0x1000f000, Load base: 0x1000f000, Size: 0x00000f00, Max: 0x00000f00, ABSOLUTE, UNINIT)

    Exec Addr    Load Addr    Size         Type   Attr      Idx    E Section Name        Object

    0x1000f000        -       0x00000f00   Zero   RW         4121    .ARM.__AT_0x1000F000  malloc.o



  Load Region LR$$.ARM.__AT_0x68000000 (Base: 0x68000000, Size: 0x00000000, Max: 0x000f0000, ABSOLUTE)

    Execution Region ER$$.ARM.__AT_0x68000000 (Exec base: 0x68000000, Load base: 0x68000000, Size: 0x000f0000, Max: 0x000f0000, ABSOLUTE, UNINIT)

    Exec Addr    Load Addr    Size         Type   Attr      Idx    E Section Name        Object

    0x68000000        -       0x000f0000   Zero   RW         4122    .ARM.__AT_0x68000000  malloc.o



  Load Region LR$$.ARM.__AT_0x680F0000 (Base: 0x680f0000, Size: 0x00000000, Max: 0x0000f000, ABSOLUTE)

    Execution Region ER$$.ARM.__AT_0x680F0000 (Exec base: 0x680f0000, Load base: 0x680f0000, Size: 0x0000f000, Max: 0x0000f000, ABSOLUTE, UNINIT)

    Exec Addr    Load Addr    Size         Type   Attr      Idx    E Section Name        Object

    0x680f0000        -       0x0000f000   Zero   RW         4123    .ARM.__AT_0x680F0000  malloc.o


==============================================================================

Image component sizes


      Code (inc. data)   RO Data    RW Data    ZI Data      Debug   Object Name

       262          0          0          0          0       4097   24cxx.o
      2212        740          0          0          0       1954   apsta.o
      5340       1222        234        133          0     245830   common.o
       698        128          0          0          0       6721   ctiic.o
       268         16          0          4          0       3411   delay.o
       470         14          0          2          0       7832   diskio.o
       128         18         96        340          0       2034   exfuns.o
      6024         66         58         10          0      43815   ff.o
      1496        154        111          0         33       6630   fontupd.o
       814         42         10          1          0       4765   ft5206.o
      1098         80        194          1          0       5878   gt9147.o
       268         20          0          1          0       1610   key.o
     18218        218       6080          4         14      31263   lcd.o
        64          4          0          0          0        711   led.o
       536        132          0          0          0     322727   main.o
       504         60         36         36    1218560       8294   malloc.o
       180         24          0          0          0       2785   misc.o
       208         16        960          0          0       2507   mycc936.o
       696        110          0          0          0       5970   myiic.o
       906         68         10          1          0       5555   ott2001a.o
      7474        410          0         16        704      40193   sdio_sdcard.o
       292         20          0          0          0       2361   spi.o
        64         26        392          0       1536        976   startup_stm32f40_41xxx.o
       496         26          0          0          0       5336   stm32f4xx_dma.o
       282          6          0          0          0       2353   stm32f4xx_fsmc.o
       236          0          0          0          0       3850   stm32f4xx_gpio.o
        26          0          0          0          0       5666   stm32f4xx_it.o
       424         54          0         16          0       7994   stm32f4xx_rcc.o
       208         38          0          0          0       7093   stm32f4xx_sdio.o
       112          0          0          0          0       4558   stm32f4xx_spi.o
       252         28          0          0          0       8480   stm32f4xx_tim.o
       696         42          0          0          0       8490   stm32f4xx_usart.o
        16          0          0          0          0        628   sys.o
       340         32          0          0          0       2005   system_stm32f4xx.o
       730         20          0          0          0       5110   text.o
       136         16          0          0          0       1558   timer.o
      4304        274        125         54          0      13445   touch.o
       348         28          0          6        200       5324   usart.o
       408         42          0          2        800       4254   usart3.o
      3166       1332         40         28          0      10290   usmart.o
         0          0        144        276          0       2060   usmart_config.o
      1328         20          0          0          0      11017   usmart_str.o
       792         74          0          2       4096       9341   w25qxx.o
      2028        582          0          0          0       1951   wifiap.o
      2192        640          0          1          0       2421   wifista.o

    ----------------------------------------------------------------------
     66794       6842       8532        940    1225976     881143   Object Totals
         0          0         32          0          0          0   (incl. Generated)
        54          0         10          6         33          0   (incl. Padding)

    ----------------------------------------------------------------------

      Code (inc. data)   RO Data    RW Data    ZI Data      Debug   Library Member Name

        24          4          0          0          0         84   __2printf.o
        44          6          0          0          0         84   __2sprintf.o
        90          0          0          0          0          0   __dczerorl2.o
         8          0          0          0          0         68   __main.o
       392          4         17          0          0         92   __printf_flags_ss_wp.o
        14          0          0          0          0         68   __printf_wp.o
         0          0          0          0          0          0   __rtentry.o
        12          0          0          0          0          0   __rtentry2.o
         6          0          0          0          0          0   __rtentry4.o
        52          8          0          0          0          0   __scatter.o
        28          0          0          0          0          0   __scatter_zi.o
         6          0          0          0          0          0   _printf_a.o
         6          0          0          0          0          0   _printf_c.o
        44          0          0          0          0        108   _printf_char.o
        48          6          0          0          0         96   _printf_char_common.o
        36          4          0          0          0         80   _printf_char_file.o
        40          0          0          0          0         68   _printf_charcount.o
         6          0          0          0          0          0   _printf_d.o
       120         16          0          0          0         92   _printf_dec.o
         6          0          0          0          0          0   _printf_e.o
         6          0          0          0          0          0   _printf_f.o
      1054          0          0          0          0        216   _printf_fp_dec.o
       764          8         38          0          0        100   _printf_fp_hex.o
       128         16          0          0          0         84   _printf_fp_infnan.o
         6          0          0          0          0          0   _printf_g.o
       148          4         40          0          0        160   _printf_hex_int_ll_ptr.o
         6          0          0          0          0          0   _printf_i.o
       178          0          0          0          0         88   _printf_intcommon.o
        10          0          0          0          0          0   _printf_l.o
         6          0          0          0          0          0   _printf_lc.o
        10          0          0          0          0          0   _printf_ll.o
         6          0          0          0          0          0   _printf_lld.o
         6          0          0          0          0          0   _printf_lli.o
         6          0          0          0          0          0   _printf_llo.o
         6          0          0          0          0          0   _printf_llu.o
         6          0          0          0          0          0   _printf_llx.o
       124         16          0          0          0         92   _printf_longlong_dec.o
         6          0          0          0          0          0   _printf_ls.o
         6          0          0          0          0          0   _printf_n.o
         6          0          0          0          0          0   _printf_o.o
       112         10          0          0          0        124   _printf_oct_int_ll.o
         6          0          0          0          0          0   _printf_p.o
        78          0          0          0          0        108   _printf_pad.o
         0          0          0          0          0          0   _printf_percent.o
         4          0          0          0          0          0   _printf_percent_end.o
         6          0          0          0          0          0   _printf_s.o
        82          0          0          0          0         80   _printf_str.o
        36          0          0          0          0         84   _printf_truncate.o
         6          0          0          0          0          0   _printf_u.o
        44          0          0          0          0        108   _printf_wchar.o
       188          6          8          0          0         92   _printf_wctomb.o
         6          0          0          0          0          0   _printf_x.o
        22          0          0          0          0        100   _rserrno.o
        10          0          0          0          0         68   _sputc.o
        64          0          0          0          0         92   _wcrtomb.o
       228          4        148          0          0         96   bigflt0.o
      1936        128          0          0          0        672   btod.o
        18          0          0          0          0         80   exit.o
         8          0          0          0          0         68   ferror.o
         6          0          0          0          0        152   heapauxi.o
        44         10        272          0          0         76   lc_ctype_c.o
        44         10         28          0          0         76   lc_numeric_c.o
         2          0          0          0          0          0   libinit.o
        34          0          0          0          0          0   libinit2.o
         2          0          0          0          0          0   libshutdown.o
         2          0          0          0          0          0   libshutdown2.o
         8          4          0          0         96         68   libspace.o
        72          0          0          0          0         76   llsdiv.o
       138          0          0          0          0         80   lludiv10.o
       238          0          0          0          0        100   lludivv7m.o
        16          4          0          0          0         76   rt_ctype_table.o
         8          4          0          0          0         68   rt_errno_addr_intlibspace.o
         8          4          0          0          0         68   rt_locale_intlibspace.o
       138          0          0          0          0         68   rt_memcpy_v6.o
       100          0          0          0          0         80   rt_memcpy_w.o
         2          0          0          0          0          0   rtexit.o
        10          0          0          0          0          0   rtexit2.o
        24          0          0          0          0         68   strcat.o
       128          0          0          0          0         68   strcmpv7m.o
        72          0          0          0          0         80   strcpy.o
        62          0          0          0          0         76   strlen.o
        36          0          0          0          0         80   strstr.o
        74          0          0          0          0         80   sys_stackheap_outer.o
         2          0          0          0          0         68   use_no_semi.o
         2          0          0          0          0         68   use_no_semi_2.o
        36          4          0          0          0         76   vsprintf.o
       826         16          0          0          0        492   daddsub_clz.o
        24          0          0          0          0        116   dcmpi.o
        90          4          0          0          0        140   dfixu.o
        84          0          0          0          0        232   dflt_clz.o
       120          4          0          0          0        140   dleqf.o
       340         12          0          0          0        152   dmul.o
       156          4          0          0          0        140   dnaninf.o
        12          0          0          0          0        116   dretinf.o
       108          0          0          0          0        128   drleqf.o
       408         56          0          0          0        168   dsqrt_umaal.o
        86          4          0          0          0        132   f2d.o
       140          4          0          0          0        132   fnaninf.o
        10          0          0          0          0        116   fpinit.o
         4          0          0          0          0        116   printf1.o
         4          0          0          0          0        116   printf2.o
         0          0          0          0          0          0   usenofp.o
        48          0          0          0          0        124   fpclassify.o
       122          0          0          0          0        148   sqrt.o

    ----------------------------------------------------------------------
     10230        384        556          0        100       7712   Library Totals
        16          0          5          0          4          0   (incl. Padding)

    ----------------------------------------------------------------------

      Code (inc. data)   RO Data    RW Data    ZI Data      Debug   Library Name

      7632        280        551          0         96       5004   c_w.l
      2412        104          0          0          0       2436   fz_wm.l
       170          0          0          0          0        272   m_wm.l

    ----------------------------------------------------------------------
     10230        384        556          0        100       7712   Library Totals

    ----------------------------------------------------------------------

==============================================================================


      Code (inc. data)   RO Data    RW Data    ZI Data      Debug   

     77024       7226       9088        940    1226076     855347   Grand Totals
     77024       7226       9088        316    1226076     855347   ELF Image Totals (compressed)
     77024       7226       9088        316          0          0   ROM Totals

==============================================================================

    Total RO  Size (Code + RO Data)                86112 (  84.09kB)
    Total RW  Size (RW Data + ZI Data)           1227016 (1198.26kB)
    Total ROM Size (Code + RO Data + RW Data)      86428 (  84.40kB)

==============================================================================

